[doccure.dreamguystech.com/html/template/index-four.html]
[backblue.gif]
[fade.gif]
[index.html]
[doccure.dreamguystech.com/html/template/assets/img/favicon.png]
[doccure.dreamguystech.com/html/template/assets/css/bootstrap.min.css]
[doccure.dreamguystech.com/html/template/assets/plugins/fontawesome/css/fontawesome.min.css]
[doccure.dreamguystech.com/html/template/assets/plugins/fontawesome/css/all.min.css]
[doccure.dreamguystech.com/html/template/assets/css/aos.css]
[doccure.dreamguystech.com/html/template/assets/css/style.css]
[doccure.dreamguystech.com/html/template/index.html]
[doccure.dreamguystech.com/html/template/assets/img/logo.png]
[doccure.dreamguystech.com/html/template/index-two.html]
[doccure.dreamguystech.com/html/template/index-three.html]
[doccure.dreamguystech.com/html/template/index-five.html]
[doccure.dreamguystech.com/html/template/index-six.html]
[doccure.dreamguystech.com/html/template/index-seven.html]
[doccure.dreamguystech.com/html/template/index-eight.html]
[doccure.dreamguystech.com/html/template/index-nine.html]
[doccure.dreamguystech.com/html/template/index-ten.html]
[doccure.dreamguystech.com/html/template/index-leven.html]
[doccure.dreamguystech.com/html/template/index-twelve.html]
[doccure.dreamguystech.com/html/template/index-thirteen.html]
[doccure.dreamguystech.com/html/template/index-fourteen.html]
[doccure.dreamguystech.com/html/template/index-fifteen.html]
[doccure.dreamguystech.com/html/template/doctor-dashboard.html]
[doccure.dreamguystech.com/html/template/appointments.html]
[doccure.dreamguystech.com/html/template/schedule-timings.html]
[doccure.dreamguystech.com/html/template/my-patients.html]
[doccure.dreamguystech.com/html/template/patient-profile.html]
[doccure.dreamguystech.com/html/template/chat-doctor.html]
[doccure.dreamguystech.com/html/template/invoices.html]
[doccure.dreamguystech.com/html/template/doctor-profile-settings.html]
[doccure.dreamguystech.com/html/template/reviews.html]
[doccure.dreamguystech.com/html/template/doctor-register.html]
[doccure.dreamguystech.com/html/template/map-grid.html]
[doccure.dreamguystech.com/html/template/map-list.html]
[doccure.dreamguystech.com/html/template/map-list-1.html]
[doccure.dreamguystech.com/html/template/search.html]
[doccure.dreamguystech.com/html/template/doctor-profile.html]
[doccure.dreamguystech.com/html/template/booking.html]
[doccure.dreamguystech.com/html/template/checkout.html]
[doccure.dreamguystech.com/html/template/booking-success.html]
[doccure.dreamguystech.com/html/template/patient-dashboard.html]
[doccure.dreamguystech.com/html/template/favourites.html]
[doccure.dreamguystech.com/html/template/chat.html]
[doccure.dreamguystech.com/html/template/profile-settings.html]
[doccure.dreamguystech.com/html/template/change-password.html]
[doccure.dreamguystech.com/html/template/pharmacy-index.html]
[doccure.dreamguystech.com/html/template/pharmacy-details.html]
[doccure.dreamguystech.com/html/template/pharmacy-search.html]
[doccure.dreamguystech.com/html/template/product-all.html]
[doccure.dreamguystech.com/html/template/product-description.html]
[doccure.dreamguystech.com/html/template/cart.html]
[doccure.dreamguystech.com/html/template/product-checkout.html]
[doccure.dreamguystech.com/html/template/payment-success.html]
[doccure.dreamguystech.com/html/template/pharmacy-register.html]
[doccure.dreamguystech.com/html/template/voice-call.html]
[doccure.dreamguystech.com/html/template/video-call.html]
[doccure.dreamguystech.com/html/template/calendar.html]
[doccure.dreamguystech.com/html/template/onboarding-email.html]
[doccure.dreamguystech.com/html/template/patient-register-step1.html]
[doccure.dreamguystech.com/html/template/components.html]
[doccure.dreamguystech.com/html/template/invoice-view.html]
[doccure.dreamguystech.com/html/template/blank-page.html]
[doccure.dreamguystech.com/html/template/about-us.html]
[doccure.dreamguystech.com/html/template/contact-us.html]
[doccure.dreamguystech.com/html/template/login.html]
[doccure.dreamguystech.com/html/template/register.html]
[doccure.dreamguystech.com/html/template/forgot-password.html]
[doccure.dreamguystech.com/html/template/blog-list.html]
[doccure.dreamguystech.com/html/template/blog-grid.html]
[doccure.dreamguystech.com/html/template/blog-details.html]
[doccure.dreamguystech.com/html/template/admin/index.html]
[doccure.dreamguystech.com/html/template/assets/img/slider/slider-1.jpg]
[doccure.dreamguystech.com/html/template/assets/img/slider/slider-2.jpg]
[doccure.dreamguystech.com/html/template/assets/img/slider/slider-3.jpg]
[doccure.dreamguystech.com/html/template/assets/img/specialities/specialities-01.png]
[doccure.dreamguystech.com/html/template/assets/img/specialities/specialities-02.png]
[doccure.dreamguystech.com/html/template/assets/img/specialities/specialities-03.png]
[doccure.dreamguystech.com/html/template/assets/img/specialities/specialities-04.png]
[doccure.dreamguystech.com/html/template/assets/img/specialities/specialities-05.png]
[doccure.dreamguystech.com/html/template/assets/img/category/1.png]
[doccure.dreamguystech.com/html/template/assets/img/category/2.png]
[doccure.dreamguystech.com/html/template/assets/img/category/3.png]
[doccure.dreamguystech.com/html/template/assets/img/category/4.png]
[doccure.dreamguystech.com/html/template/assets/img/category/5.png]
[doccure.dreamguystech.com/html/template/assets/img/doctors/doctor-01.jpg]
[doccure.dreamguystech.com/html/template/assets/img/doctors/doctor-02.jpg]
[doccure.dreamguystech.com/html/template/assets/img/doctors/doctor-03.jpg]
[doccure.dreamguystech.com/html/template/assets/img/doctors/doctor-04.jpg]
[doccure.dreamguystech.com/html/template/assets/img/doctors/doctor-05.jpg]
[doccure.dreamguystech.com/html/template/assets/img/doctors/doctor-06.jpg]
[doccure.dreamguystech.com/html/template/assets/img/doctors/doctor-07.jpg]
[doccure.dreamguystech.com/html/template/assets/img/doctors/doctor-08.jpg]
[doccure.dreamguystech.com/html/template/assets/img/features/feature.png]
[doccure.dreamguystech.com/html/template/assets/img/features/feature-01.jpg]
[doccure.dreamguystech.com/html/template/assets/img/features/feature-02.jpg]
[doccure.dreamguystech.com/html/template/assets/img/features/feature-03.jpg]
[doccure.dreamguystech.com/html/template/assets/img/features/feature-04.jpg]
[doccure.dreamguystech.com/html/template/assets/img/features/feature-05.jpg]
[doccure.dreamguystech.com/html/template/assets/img/features/feature-06.jpg]
[doccure.dreamguystech.com/html/template/assets/img/blog/blog-01.jpg]
[doccure.dreamguystech.com/html/template/assets/img/doctors/doctor-thumb-01.jpg]
[doccure.dreamguystech.com/html/template/assets/img/blog/blog-02.jpg]
[doccure.dreamguystech.com/html/template/assets/img/doctors/doctor-thumb-02.jpg]
[doccure.dreamguystech.com/html/template/assets/img/blog/blog-03.jpg]
[doccure.dreamguystech.com/html/template/assets/img/doctors/doctor-thumb-03.jpg]
[doccure.dreamguystech.com/html/template/assets/img/blog/blog-04.jpg]
[doccure.dreamguystech.com/html/template/assets/img/doctors/doctor-thumb-04.jpg]
[doccure.dreamguystech.com/html/template/assets/img/footer-logo.png]
[doccure.dreamguystech.com/html/template/term-condition.html]
[doccure.dreamguystech.com/html/template/privacy-policy.html]
[doccure.dreamguystech.com/html/template/assets/js/jquery-3.6.0.min.js]
[doccure.dreamguystech.com/html/template/assets/js/bootstrap.bundle.min.js]
[doccure.dreamguystech.com/html/template/assets/js/slick.js]
[doccure.dreamguystech.com/html/template/assets/js/aos.js]
[doccure.dreamguystech.com/html/template/index-four.html]
[doccure.dreamguystech.com/html/template/assets/css/bootstrap.min.css]
[doccure.dreamguystech.com/html/template/assets/plugins/fontawesome/css/fontawesome.min.css]
[doccure.dreamguystech.com/html/template/assets/js/script.js]
[doccure.dreamguystech.com/html/template/assets/plugins/fontawesome/webfonts/fa-brands-400.eot]
[doccure.dreamguystech.com/html/template/assets/plugins/fontawesome/webfonts/fa-brands-400d41d.eot]
[doccure.dreamguystech.com/html/template/assets/plugins/fontawesome/webfonts/fa-brands-400.woff]
[doccure.dreamguystech.com/html/template/assets/plugins/fontawesome/webfonts/fa-brands-400.ttf]
[doccure.dreamguystech.com/html/template/assets/plugins/fontawesome/webfonts/fa-regular-400.eot]
[doccure.dreamguystech.com/html/template/assets/plugins/fontawesome/webfonts/fa-brands-400.svg]
[doccure.dreamguystech.com/html/template/assets/plugins/fontawesome/webfonts/fa-regular-400d41d.eot]
[doccure.dreamguystech.com/html/template/assets/plugins/fontawesome/webfonts/fa-regular-400.woff]
[doccure.dreamguystech.com/html/template/assets/plugins/fontawesome/webfonts/fa-regular-400.ttf]
[doccure.dreamguystech.com/html/template/assets/plugins/fontawesome/webfonts/fa-regular-400.svg]
[doccure.dreamguystech.com/html/template/assets/plugins/fontawesome/webfonts/fa-solid-900.eot]
[doccure.dreamguystech.com/html/template/assets/plugins/fontawesome/webfonts/fa-solid-900d41d.eot]
[doccure.dreamguystech.com/html/template/assets/plugins/fontawesome/webfonts/fa-solid-900.woff]
[doccure.dreamguystech.com/html/template/assets/plugins/fontawesome/webfonts/fa-solid-900.ttf]
[doccure.dreamguystech.com/html/template/assets/plugins/fontawesome/css/all.min.css]
[doccure.dreamguystech.com/html/template/assets/css/aos.css]
[doccure.dreamguystech.com/html/template/assets/fonts/MaterialIcons-Regular.eot]
[doccure.dreamguystech.com/html/template/assets/plugins/fontawesome/webfonts/fa-solid-900.svg]
[doccure.dreamguystech.com/html/template/assets/fonts/MaterialIcons-Regular.woff]
[doccure.dreamguystech.com/html/template/assets/fonts/MaterialIcons-Regular.ttf]
[doccure.dreamguystech.com/html/template/assets/img/icons/tick-icon.svg]
[doccure.dreamguystech.com/html/template/assets/img/icons/down-arrow-gray.svg]
[doccure.dreamguystech.com/html/template/assets/img/icons/down-arrow-gray-dark.svg]
[doccure.dreamguystech.com/html/template/assets/img/flag/india.png]
[doccure.dreamguystech.com/html/template/assets/img/flag/ng.png]
[doccure.dreamguystech.com/html/template/assets/img/flag/gb.png]
[doccure.dreamguystech.com/html/template/assets/img/flag/usa.png]
[doccure.dreamguystech.com/html/template/assets/img/icons/search-icon.svg]
[doccure.dreamguystech.com/html/template/assets/img/search-bg.png]
[doccure.dreamguystech.com/html/template/assets/img/slider-bg.jpg]
[doccure.dreamguystech.com/html/template/assets/img/banner-2.jpg]
[doccure.dreamguystech.com/html/template/assets/img/location.png]
[doccure.dreamguystech.com/html/template/assets/img/search.png]
[doccure.dreamguystech.com/html/template/assets/img/bg-01.png]
[doccure.dreamguystech.com/html/template/assets/img/bg-02.png]
[doccure.dreamguystech.com/html/template/assets/img/bg-03.png]
[doccure.dreamguystech.com/html/template/assets/img/client-bg.png]
[doccure.dreamguystech.com/html/template/assets/img/offer-bg.jpg]
[doccure.dreamguystech.com/html/template/assets/img/google-map.png]
[doccure.dreamguystech.com/html/template/assets/img/client-bg-01.png]
[doccure.dreamguystech.com/html/template/assets/img/client-bg-02.png]
[doccure.dreamguystech.com/html/template/assets/img/special-banner.jpg]
[doccure.dreamguystech.com/html/template/assets/img/shapes/doctor-bg.jpg]
[doccure.dreamguystech.com/html/template/assets/img/shapes/doctor-right-bg.jpg]
[doccure.dreamguystech.com/html/template/assets/img/specialist-bg.jpg]
[doccure.dreamguystech.com/html/template/assets/img/featured-bg.jpg]
[doccure.dreamguystech.com/html/template/assets/img/banner-3.jpg]
[doccure.dreamguystech.com/html/template/assets/img/slider/blue-bg.png]
[doccure.dreamguystech.com/html/template/assets/img/slider/doctor-bg.jpg]
[doccure.dreamguystech.com/html/template/assets/img/slider/patient-bg.jpg]
[doccure.dreamguystech.com/html/template/assets/img/slider/feature-img.jpg]
[doccure.dreamguystech.com/html/template/assets/img/slider/banner-01.jpg]
[doccure.dreamguystech.com/html/template/assets/img/slider/banner-02.jpg]
[doccure.dreamguystech.com/html/template/assets/img/ban-bg-01.png]
[doccure.dreamguystech.com/html/template/assets/img/ban-bg-02.png]
[doccure.dreamguystech.com/html/template/assets/img/about-bg.png]
[doccure.dreamguystech.com/html/template/assets/img/features/feature-box-bg.png]
[doccure.dreamguystech.com/html/template/assets/img/shapes/shape-9.png]
[doccure.dreamguystech.com/html/template/assets/img/shapes/shape-11.png]
[doccure.dreamguystech.com/html/template/assets/img/blog/news-bg.png]
[doccure.dreamguystech.com/html/template/assets/img/footer-bg1.jpg]
[doccure.dreamguystech.com/html/template/assets/img/banner-6.jpg]
[doccure.dreamguystech.com/html/template/assets/img/doctors/doctor-bg.jpg]
[doccure.dreamguystech.com/html/template/assets/img/doctors/doctor-inner-img1.jpg]
[doccure.dreamguystech.com/html/template/assets/img/doctors/patient-inner-img1.jpg]
[doccure.dreamguystech.com/html/template/assets/img/doctors/best-doctor-bg.jpg]
[doccure.dreamguystech.com/html/template/assets/img/banner-5.jpg]
[doccure.dreamguystech.com/html/template/assets/img/banner-7.jpg]
[doccure.dreamguystech.com/html/template/assets/img/shapes/shape-5.png]
[doccure.dreamguystech.com/html/template/assets/img/doctors/doctor-bg1.jpg]
[doccure.dreamguystech.com/html/template/assets/img/blog/news-letter-bg.jpg]
[doccure.dreamguystech.com/html/template/assets/img/footer-bg5.jpg]
[doccure.dreamguystech.com/html/template/assets/img/mail-box.png]
[doccure.dreamguystech.com/html/template/assets/img/icons/phone.png]
[doccure.dreamguystech.com/html/template/assets/img/icons/password-duotone.svg]
[doccure.dreamguystech.com/html/template/assets/img/icons/fluent-password.svg]
[doccure.dreamguystech.com/html/template/assets/img/home-banner-15.png]
[doccure.dreamguystech.com/html/template/assets/img/looking-for-bg.png]
[doccure.dreamguystech.com/html/template/assets/img/newsletter-bg-2.png]
[doccure.dreamguystech.com/html/template/assets/img/book-doctor-bg.png]
[doccure.dreamguystech.com/html/template/assets/img/search-bg1.png]
[doccure.dreamguystech.com/html/template/assets/css/style.css]
[doccure.dreamguystech.com/html/template/assets/img/choose-us.jpg]
[doccure.dreamguystech.com/html/template/doctor-blog.html]
[doccure.dreamguystech.com/html/template/doctor-add-blog.html]
[doccure.dreamguystech.com/html/template/patient-email.html]
[doccure.dreamguystech.com/html/template/pharmacy/index.html]
[doccure.dreamguystech.com/html/template/assets/img/img-pharmacy1.jpg]
[doccure.dreamguystech.com/html/template/assets/img/lab-image.jpg]
[doccure.dreamguystech.com/html/template/index.html]
[doccure.dreamguystech.com/html/template/assets/plugins/select2/css/select2.min.css]
[doccure.dreamguystech.com/html/template/assets/img/dr-slider.png]
[doccure.dreamguystech.com/html/template/index-two.html]
[doccure.dreamguystech.com/html/template/assets/img/banner-1.png]
[doccure.dreamguystech.com/html/template/index-three.html]
[doccure.dreamguystech.com/html/template/assets/plugins/swiper/css/swiper.min.css]
[doccure.dreamguystech.com/html/template/assets/img/slider/slider-4.jpg]
[doccure.dreamguystech.com/html/template/assets/img/slider/slider-5.jpg]
[doccure.dreamguystech.com/html/template/assets/img/slider/slider-6.jpg]
[doccure.dreamguystech.com/html/template/assets/img/slider/slider-7.jpg]
[doccure.dreamguystech.com/html/template/assets/img/icons/set-cat-01.png]
[doccure.dreamguystech.com/html/template/assets/img/icons/set-cat-02.png]
[doccure.dreamguystech.com/html/template/assets/img/icons/set-cat-03.png]
[doccure.dreamguystech.com/html/template/assets/img/icons/clinic-01.png]
[doccure.dreamguystech.com/html/template/assets/img/icons/clinic-hover-01.png]
[doccure.dreamguystech.com/html/template/assets/img/icons/clinic-02.png]
[doccure.dreamguystech.com/html/template/assets/img/icons/clinic-hover-02.png]
[doccure.dreamguystech.com/html/template/assets/img/icons/clinic-03.png]
[doccure.dreamguystech.com/html/template/assets/img/icons/clinic-hover-03.png]
[doccure.dreamguystech.com/html/template/assets/img/icons/clinic-04.png]
[doccure.dreamguystech.com/html/template/assets/img/icons/clinic-hover-04.png]
[doccure.dreamguystech.com/html/template/assets/img/icons/clinic-05.png]
[doccure.dreamguystech.com/html/template/assets/img/icons/clinic-hover-05.png]
[doccure.dreamguystech.com/html/template/assets/img/icons/clinic-06.png]
[doccure.dreamguystech.com/html/template/assets/img/icons/clinic-hover-06.png]
[doccure.dreamguystech.com/html/template/assets/img/icons/clinic-07.png]
[doccure.dreamguystech.com/html/template/assets/img/icons/clinic-hover-07.png]
[doccure.dreamguystech.com/html/template/assets/img/icons/clinic-08.png]
[doccure.dreamguystech.com/html/template/assets/img/icons/clinic-hover-08.png]
[doccure.dreamguystech.com/html/template/assets/img/icons/clinic-09.png]
[doccure.dreamguystech.com/html/template/assets/img/icons/clinic-hover-09.png]
[doccure.dreamguystech.com/html/template/assets/img/icons/clinic-10.png]
[doccure.dreamguystech.com/html/template/assets/img/icons/clinic-hover-10.png]
[doccure.dreamguystech.com/html/template/assets/img/icons/browse-01.jpg]
[doccure.dreamguystech.com/html/template/assets/img/icons/browse-02.jpg]
[doccure.dreamguystech.com/html/template/assets/img/icons/clinic-11.png]
[doccure.dreamguystech.com/html/template/assets/img/icons/browse-03.jpg]
[doccure.dreamguystech.com/html/template/assets/img/icons/browse-04.jpg]
[doccure.dreamguystech.com/html/template/assets/img/icons/clinic-12.png]
[doccure.dreamguystech.com/html/template/assets/img/icons/browse-05.jpg]
[doccure.dreamguystech.com/html/template/assets/img/icons/clinic-13.png]
[doccure.dreamguystech.com/html/template/assets/img/icons/doct-01.png]
[doccure.dreamguystech.com/html/template/assets/img/icons/doct-02.png]
[doccure.dreamguystech.com/html/template/assets/img/doctors/book-doc-01.jpg]
[doccure.dreamguystech.com/html/template/assets/img/doctors/book-doc-02.jpg]
[doccure.dreamguystech.com/html/template/assets/img/doctors/book-doc-03.jpg]
[doccure.dreamguystech.com/html/template/assets/img/doctors/book-doc-04.jpg]
[doccure.dreamguystech.com/html/template/assets/img/doctors/book-doc-05.jpg]
[doccure.dreamguystech.com/html/template/assets/img/clinic/spec-01.jpg]
[doccure.dreamguystech.com/html/template/assets/img/clinic/spec-02.jpg]
[doccure.dreamguystech.com/html/template/assets/img/clinic/spec-03.jpg]
[doccure.dreamguystech.com/html/template/assets/img/blog/blog-wrap-01.jpg]
[doccure.dreamguystech.com/html/template/assets/img/blog/blog-wrap-02.jpg]
[doccure.dreamguystech.com/html/template/assets/img/blog/blog-wrap-03.jpg]
[doccure.dreamguystech.com/html/template/assets/img/blog/blog-wrap-04.jpg]
[doccure.dreamguystech.com/html/template/assets/plugins/swiper/js/swiper.min.js]
[doccure.dreamguystech.com/html/template/index-five.html]
[doccure.dreamguystech.com/html/template/assets/img/slide1.jpg]
[doccure.dreamguystech.com/html/template/assets/img/slide2.jpg]
[doccure.dreamguystech.com/html/template/index-six.html]
[doccure.dreamguystech.com/html/template/assets/css/owl.carousel.min.css]
[doccure.dreamguystech.com/html/template/assets/img/login-btn.png]
[doccure.dreamguystech.com/html/template/assets/img/doctor-banner.png]
[doccure.dreamguystech.com/html/template/assets/img/shapes/shape-1.png]
[doccure.dreamguystech.com/html/template/assets/img/shapes/shape-2.png]
[doccure.dreamguystech.com/html/template/assets/img/clinic/clinic-1.jpg]
[doccure.dreamguystech.com/html/template/assets/img/clinic/clinic-2.jpg]
[doccure.dreamguystech.com/html/template/assets/img/clinic/clinic-4.jpg]
[doccure.dreamguystech.com/html/template/assets/img/clinic/clinic-3.jpg]
[doccure.dreamguystech.com/html/template/assets/img/clinic/clinic-5.jpg]
[doccure.dreamguystech.com/html/template/assets/img/shapes/shape-3.png]
[doccure.dreamguystech.com/html/template/assets/img/shapes/shape-4.png]
[doccure.dreamguystech.com/html/template/assets/img/clinic/clinic-6.jpg]
[doccure.dreamguystech.com/html/template/assets/img/clinic/clinic-7.jpg]
[doccure.dreamguystech.com/html/template/assets/img/clinic/clinic-8.jpg]
[doccure.dreamguystech.com/html/template/assets/img/clinic/clinic-9.jpg]
[doccure.dreamguystech.com/html/template/assets/img/clinic/clinic-10.jpg]
[doccure.dreamguystech.com/html/template/assets/img/blog-1.jpg]
[doccure.dreamguystech.com/html/template/assets/img/blog-2.jpg]
[doccure.dreamguystech.com/html/template/assets/img/blog-3.jpg]
[doccure.dreamguystech.com/html/template/assets/img/blog-4.jpg]
[doccure.dreamguystech.com/html/template/assets/js/owl.carousel.min.js]
[doccure.dreamguystech.com/html/template/index-seven.html]
[doccure.dreamguystech.com/html/template/assets/img/shapes/spec.png]
[doccure.dreamguystech.com/html/template/assets/img/shapes/spec-01.png]
[doccure.dreamguystech.com/html/template/assets/img/shapes/spec-02.png]
[doccure.dreamguystech.com/html/template/assets/img/shapes/spec-03.png]
[doccure.dreamguystech.com/html/template/assets/img/shapes/spec-04.png]
[doccure.dreamguystech.com/html/template/assets/img/shapes/spec-05.png]
[doccure.dreamguystech.com/html/template/assets/img/shapes/spec-06.png]
[doccure.dreamguystech.com/html/template/assets/img/shapes/spec-07.png]
[doccure.dreamguystech.com/html/template/assets/img/shapes/bro-01.png]
[doccure.dreamguystech.com/html/template/assets/img/shapes/bro-02.png]
[doccure.dreamguystech.com/html/template/assets/img/shapes/bro-03.png]
[doccure.dreamguystech.com/html/template/assets/img/shapes/bro-04.png]
[doccure.dreamguystech.com/html/template/assets/img/shapes/bro-05.png]
[doccure.dreamguystech.com/html/template/assets/img/shapes/map-plus.png]
[doccure.dreamguystech.com/html/template/assets/img/shapes/alarm.png]
[doccure.dreamguystech.com/html/template/assets/img/shapes/consult.png]
[doccure.dreamguystech.com/html/template/assets/img/shapes/exper.png]
[doccure.dreamguystech.com/html/template/assets/img/shapes/blog-img01.jpg]
[doccure.dreamguystech.com/html/template/assets/img/shapes/blog-img02.jpg]
[doccure.dreamguystech.com/html/template/index-eight.html]
[doccure.dreamguystech.com/html/template/assets/img/shapes/blog-img03.jpg]
[doccure.dreamguystech.com/html/template/assets/img/doctor-banner1.png]
[doccure.dreamguystech.com/html/template/assets/img/shapes/blog-img01.png]
[doccure.dreamguystech.com/html/template/assets/img/icons/visit-01.png]
[doccure.dreamguystech.com/html/template/assets/img/icons/visit-02.png]
[doccure.dreamguystech.com/html/template/assets/img/icons/visit-03.png]
[doccure.dreamguystech.com/html/template/assets/img/shapes/clinic-bg.png]
[doccure.dreamguystech.com/html/template/assets/img/icons/cardiology.png]
[doccure.dreamguystech.com/html/template/index-nine.html]
[doccure.dreamguystech.com/html/template/assets/css/feather.css]
[doccure.dreamguystech.com/html/template/assets/img/shapes/shape-10.png]
[doccure.dreamguystech.com/html/template/assets/img/shapes/shape-7.png]
[doccure.dreamguystech.com/html/template/assets/img/shapes/shape-8.png]
[doccure.dreamguystech.com/html/template/assets/img/shapes/shape-6.png]
[doccure.dreamguystech.com/html/template/assets/img/logo-one.png]
[doccure.dreamguystech.com/html/template/assets/img/banner-check.png]
[doccure.dreamguystech.com/html/template/assets/img/banner-img.png]
[doccure.dreamguystech.com/html/template/assets/img/appoinment-img.png]
[doccure.dreamguystech.com/html/template/assets/img/phone-call.png]
[doccure.dreamguystech.com/html/template/assets/img/services/services-01.jpg]
[doccure.dreamguystech.com/html/template/assets/img/icons/icon6.svg]
[doccure.dreamguystech.com/html/template/assets/img/services/services-02.jpg]
[doccure.dreamguystech.com/html/template/assets/img/icons/icon3.svg]
[doccure.dreamguystech.com/html/template/assets/img/services/services-03.jpg]
[doccure.dreamguystech.com/html/template/assets/img/icons/icon4.svg]
[doccure.dreamguystech.com/html/template/assets/img/services/services-04.jpg]
[doccure.dreamguystech.com/html/template/assets/img/icons/icon2.svg]
[doccure.dreamguystech.com/html/template/assets/img/doctors/doctor-img.jpg]
[doccure.dreamguystech.com/html/template/assets/img/doctors/book-doctor-01.jpg]
[doccure.dreamguystech.com/html/template/assets/img/doctor-check.png]
[doccure.dreamguystech.com/html/template/assets/img/doctors/book-doctor-02.jpg]
[doccure.dreamguystech.com/html/template/assets/img/doctors/book-doctor-03.jpg]
[doccure.dreamguystech.com/html/template/assets/img/icons/icon1.svg]
[doccure.dreamguystech.com/html/template/assets/img/doctors/book-doctor-04.jpg]
[doccure.dreamguystech.com/html/template/assets/img/services/features-01.svg]
[doccure.dreamguystech.com/html/template/assets/img/services/features-02.svg]
[doccure.dreamguystech.com/html/template/assets/img/services/features-03.svg]
[doccure.dreamguystech.com/html/template/assets/img/services/features-04.svg]
[doccure.dreamguystech.com/html/template/assets/img/blog/news-img.png]
[doccure.dreamguystech.com/html/template/assets/img/blog/blog-11.jpg]
[doccure.dreamguystech.com/html/template/assets/img/blog/blog-12.jpg]
[doccure.dreamguystech.com/html/template/assets/img/blog/blog-13.jpg]
[doccure.dreamguystech.com/html/template/assets/js/feather.min.js]
[doccure.dreamguystech.com/html/template/index-ten.html]
[doccure.dreamguystech.com/html/template/assets/plugins/select2/js/select2.min.js]
[doccure.dreamguystech.com/html/template/assets/img/doctors/book-doctor-05.jpg]
[doccure.dreamguystech.com/html/template/assets/img/best-doctor-check.svg]
[doccure.dreamguystech.com/html/template/assets/img/doctors/book-doctor-06.jpg]
[doccure.dreamguystech.com/html/template/assets/img/doctors/book-doctor-07.jpg]
[doccure.dreamguystech.com/html/template/assets/img/doctors/book-doctor-08.jpg]
[doccure.dreamguystech.com/html/template/assets/img/services/features-05.svg]
[doccure.dreamguystech.com/html/template/assets/img/services/features-06.svg]
[doccure.dreamguystech.com/html/template/index-leven.html]
[doccure.dreamguystech.com/html/template/assets/img/icons/icon5.svg]
[doccure.dreamguystech.com/html/template/assets/img/banner-4.jpg]
[doccure.dreamguystech.com/html/template/assets/img/browse/browse-img1.jpg]
[doccure.dreamguystech.com/html/template/assets/img/icons/icon7.svg]
[doccure.dreamguystech.com/html/template/assets/img/browse/browse-img2.jpg]
[doccure.dreamguystech.com/html/template/assets/img/browse/browse-img3.jpg]
[doccure.dreamguystech.com/html/template/assets/img/browse/browse-img4.jpg]
[doccure.dreamguystech.com/html/template/assets/img/icons/icon8.svg]
[doccure.dreamguystech.com/html/template/assets/img/browse/browse-img5.jpg]
[doccure.dreamguystech.com/html/template/assets/img/browse/browse-img6.jpg]
[doccure.dreamguystech.com/html/template/assets/img/icons/icon9.svg]
[doccure.dreamguystech.com/html/template/assets/img/browse/browse-img7.jpg]
[doccure.dreamguystech.com/html/template/assets/img/icons/icon10.svg]
[doccure.dreamguystech.com/html/template/assets/img/browse/browse-img8.jpg]
[doccure.dreamguystech.com/html/template/assets/img/icons/icon11.svg]
[doccure.dreamguystech.com/html/template/assets/img/doctors/doctor-img1.png]
[doccure.dreamguystech.com/html/template/assets/img/doctors/patient-img1.png]
[doccure.dreamguystech.com/html/template/assets/img/doctors/book-doctor-09.jpg]
[doccure.dreamguystech.com/html/template/assets/img/icons/patient-icon.png]
[doccure.dreamguystech.com/html/template/assets/img/doctors/book-doctor-10.jpg]
[doccure.dreamguystech.com/html/template/assets/img/doctors/book-doctor-11.jpg]
[doccure.dreamguystech.com/html/template/assets/img/doctors/book-doctor-12.jpg]
[doccure.dreamguystech.com/html/template/assets/img/clinic/features-clinic-01.jpg]
[doccure.dreamguystech.com/html/template/assets/img/clinic/features-clinic-02.jpg]
[doccure.dreamguystech.com/html/template/assets/img/clinic/features-clinic-03.jpg]
[doccure.dreamguystech.com/html/template/assets/img/clinic/features-clinic-04.jpg]
[doccure.dreamguystech.com/html/template/assets/img/blog/news-letter-img.png]
[doccure.dreamguystech.com/html/template/index-twelve.html]
[doccure.dreamguystech.com/html/template/assets/img/clinic/clinic-11.jpg]
[doccure.dreamguystech.com/html/template/assets/img/clinic/clinic-12.jpg]
[doccure.dreamguystech.com/html/template/assets/img/clinic/clinic-13.jpg]
[doccure.dreamguystech.com/html/template/assets/img/clinic/clinic-14.jpg]
[doccure.dreamguystech.com/html/template/assets/img/clinic/clinic-15.jpg]
[doccure.dreamguystech.com/html/template/assets/img/clinic/clinic-16.jpg]
[doccure.dreamguystech.com/html/template/assets/img/clinic/clinic-17.jpg]
[doccure.dreamguystech.com/html/template/assets/img/clinic/clinic-18.jpg]
[doccure.dreamguystech.com/html/template/assets/img/clinic/clinic-big-img.png]
[doccure.dreamguystech.com/html/template/index-thirteen.html]
[doccure.dreamguystech.com/html/template/assets/img/clinic/clinic-icon1.png]
[doccure.dreamguystech.com/html/template/assets/img/clinic/clinic-icon2.png]
[doccure.dreamguystech.com/html/template/assets/img/clinic/clinic-icon3.png]
[doccure.dreamguystech.com/html/template/assets/img/clinic/clinic-icon4.png]
[doccure.dreamguystech.com/html/template/assets/img/clinic/clinic-icon5.png]
[doccure.dreamguystech.com/html/template/assets/img/clinic/clinic-icon6.png]
[doccure.dreamguystech.com/html/template/assets/img/doctors/doctor-img2.png]
[doccure.dreamguystech.com/html/template/assets/img/doctors/book-doctor-13.jpg]
[doccure.dreamguystech.com/html/template/assets/img/doctors/book-doctor-14.jpg]
[doccure.dreamguystech.com/html/template/assets/img/doctors/book-doctor-15.jpg]
[doccure.dreamguystech.com/html/template/index-fourteen.html]
[doccure.dreamguystech.com/html/template/assets/img/doctors/book-doctor-16.jpg]
[doccure.dreamguystech.com/html/template/assets/img/logo-2.png]
[doccure.dreamguystech.com/html/template/assets/img/home-15-banner-2.png]
[doccure.dreamguystech.com/html/template/assets/img/icons/set-bed.svg]
[doccure.dreamguystech.com/html/template/assets/img/rotate-bg.png]
[doccure.dreamguystech.com/html/template/assets/img/icons/tablet-blue.svg]
[doccure.dreamguystech.com/html/template/assets/img/icons/test-tubes.svg]
[doccure.dreamguystech.com/html/template/assets/img/poour-doctor-watermark-2.png]
[doccure.dreamguystech.com/html/template/assets/img/our-doctor-watermark.png]
[doccure.dreamguystech.com/html/template/assets/img/gallery-tab-img-1.jpg]
[doccure.dreamguystech.com/html/template/assets/img/gallery-tab-img-2.jpg]
[doccure.dreamguystech.com/html/template/assets/img/gallery-tab-img-3.jpg]
[doccure.dreamguystech.com/html/template/assets/img/gallery-tab-img-4.jpg]
[doccure.dreamguystech.com/html/template/assets/img/gallery-tab-img-5.jpg]
[doccure.dreamguystech.com/html/template/assets/img/gallery-tab-img-6.jpg]
[doccure.dreamguystech.com/html/template/assets/img/gallery-tab-img-7.jpg]
[doccure.dreamguystech.com/html/template/assets/img/gallery-tab-img-8.jpg]
[doccure.dreamguystech.com/html/template/assets/img/why-us-water-mark.png]
[doccure.dreamguystech.com/html/template/assets/img/why-us-pics.png]
[doccure.dreamguystech.com/html/template/assets/img/newsletter-bg.png]
[doccure.dreamguystech.com/html/template/assets/img/blog/home-blog1.png]
[doccure.dreamguystech.com/html/template/assets/img/blog/home-blog2.png]
[doccure.dreamguystech.com/html/template/assets/img/doctors/doctor-thumb-10.jpg]
[doccure.dreamguystech.com/html/template/assets/img/blog/blog-14.jpg]
[doccure.dreamguystech.com/html/template/assets/img/doctors/doctor-thumb-07.jpg]
[doccure.dreamguystech.com/html/template/assets/js/isotope.pkgd.min.js]
[doccure.dreamguystech.com/html/template/index-fifteen.html]
[doccure.dreamguystech.com/html/template/assets/plugins/apex/apexcharts.css]
[doccure.dreamguystech.com/html/template/available-timings.html]
[doccure.dreamguystech.com/html/template/accounts.html]
[doccure.dreamguystech.com/html/template/social-media.html]
[doccure.dreamguystech.com/html/template/doctor-change-password.html]
[doccure.dreamguystech.com/html/template/assets/img/icon-01.png]
[doccure.dreamguystech.com/html/template/assets/img/icon-03.png]
[doccure.dreamguystech.com/html/template/assets/img/icon-4.png]
[doccure.dreamguystech.com/html/template/assets/img/patients/patient.jpg]
[doccure.dreamguystech.com/html/template/assets/img/icons/video-icon-sm.svg]
[doccure.dreamguystech.com/html/template/assets/img/patients/patient2.jpg]
[doccure.dreamguystech.com/html/template/assets/img/patients/patient3.jpg]
[doccure.dreamguystech.com/html/template/assets/img/icons/audio-icon-sm.svg]
[doccure.dreamguystech.com/html/template/assets/img/patients/patient4.jpg]
[doccure.dreamguystech.com/html/template/assets/img/icons/chat-sm.svg]
[doccure.dreamguystech.com/html/template/assets/img/icons/tablets.svg]
[doccure.dreamguystech.com/html/template/assets/plugins/theia-sticky-sidebar/ResizeSensor.js]
[doccure.dreamguystech.com/html/template/assets/plugins/theia-sticky-sidebar/theia-sticky-sidebar.js]
[doccure.dreamguystech.com/html/template/assets/js/circle-progress.min.js]
[doccure.dreamguystech.com/html/template/assets/plugins/apex/apexcharts.min.js]
[doccure.dreamguystech.com/html/template/assets/plugins/apex/chart-data.js]
[doccure.dreamguystech.com/html/template/doctor-dashboard.html]
[doccure.dreamguystech.com/html/template/assets/img/patients/patient1.jpg]
[doccure.dreamguystech.com/html/template/assets/img/patients/patient5.jpg]
[doccure.dreamguystech.com/html/template/assets/img/patients/patient6.jpg]
[doccure.dreamguystech.com/html/template/assets/img/patients/patient7.jpg]
[doccure.dreamguystech.com/html/template/assets/img/patients/patient8.jpg]
[doccure.dreamguystech.com/html/template/assets/img/patients/patient9.jpg]
[doccure.dreamguystech.com/html/template/assets/img/patients/patient10.jpg]
[doccure.dreamguystech.com/html/template/appointments.html]
[doccure.dreamguystech.com/html/template/assets/img/patients/patient11.jpg]
[doccure.dreamguystech.com/html/template/schedule-timings.html]
[doccure.dreamguystech.com/html/template/my-patients.html]
[doccure.dreamguystech.com/html/template/assets/css/bootstrap-datetimepicker.min.css]
[doccure.dreamguystech.com/html/template/edit-prescription.html]
[doccure.dreamguystech.com/html/template/add-prescription.html]
[doccure.dreamguystech.com/html/template/assets/img/doctors/doctor-thumb-05.jpg]
[doccure.dreamguystech.com/html/template/assets/img/doctors/doctor-thumb-06.jpg]
[doccure.dreamguystech.com/html/template/assets/img/doctors/doctor-thumb-08.jpg]
[doccure.dreamguystech.com/html/template/assets/img/doctors/doctor-thumb-09.jpg]
[doccure.dreamguystech.com/html/template/add-billing.html]
[doccure.dreamguystech.com/html/template/edit-billing.html]
[doccure.dreamguystech.com/html/template/assets/js/moment.min.js]
[doccure.dreamguystech.com/html/template/assets/js/bootstrap-datetimepicker.min.js]
[doccure.dreamguystech.com/html/template/patient-profile.html]
[doccure.dreamguystech.com/html/template/assets/img/img-02.jpg]
[doccure.dreamguystech.com/html/template/assets/img/img-03.jpg]
[doccure.dreamguystech.com/html/template/assets/img/img-04.jpg]
[doccure.dreamguystech.com/html/template/chat-doctor.html]
[doccure.dreamguystech.com/html/template/invoices.html]
[doccure.dreamguystech.com/html/template/assets/plugins/bootstrap-tagsinput/css/bootstrap-tagsinput.css]
[doccure.dreamguystech.com/html/template/assets/plugins/dropzone/dropzone.min.css]
[doccure.dreamguystech.com/html/template/assets/plugins/dropzone/dropzone.min.js]
[doccure.dreamguystech.com/html/template/assets/plugins/bootstrap-tagsinput/js/bootstrap-tagsinput.js]
[doccure.dreamguystech.com/html/template/assets/js/profile-settings.js]
[doccure.dreamguystech.com/html/template/doctor-profile-settings.html]
[doccure.dreamguystech.com/html/template/reviews.html]
[doccure.dreamguystech.com/html/template/assets/img/login-banner.png]
[doccure.dreamguystech.com/html/template/doctor-register.html]
[doccure.dreamguystech.com/html/template/assets/img/doctors/doctor-09.jpg]
[doccure.dreamguystech.com/html/template/assets/img/doctors/doctor-10.jpg]
[doccure.dreamguystech.com/html/template/assets/img/doctors/doctor-11.jpg]
[doccure.dreamguystech.com/html/template/assets/img/doctors/doctor-12.jpg]
[doccure.dreamguystech.com/html/template/assets/js/map.js]
[doccure.dreamguystech.com/html/template/map-grid.html]
[doccure.dreamguystech.com/html/template/assets/plugins/fancybox/jquery.fancybox.min.css]
[doccure.dreamguystech.com/html/template/assets/plugins/fancybox/jquery.fancybox.min.js]
[doccure.dreamguystech.com/html/template/map-list.html]
[doccure.dreamguystech.com/html/template/assets/img/icons/tooth-icon.png]
[doccure.dreamguystech.com/html/template/assets/img/icons/thums-up.png]
[doccure.dreamguystech.com/html/template/assets/img/icons/Star.png]
[doccure.dreamguystech.com/html/template/assets/img/icons/location_on.png]
[doccure.dreamguystech.com/html/template/assets/img/icons/Chat.png]
[doccure.dreamguystech.com/html/template/assets/img/icons/money.png]
[doccure.dreamguystech.com/html/template/assets/img/icons/InfoCircle.png]
[doccure.dreamguystech.com/html/template/map-list-1.html]
[doccure.dreamguystech.com/html/template/search.html]
[doccure.dreamguystech.com/html/template/doctor-profile.html]
[doccure.dreamguystech.com/html/template/assets/plugins/daterangepicker/daterangepicker.css]
[doccure.dreamguystech.com/html/template/assets/plugins/daterangepicker/daterangepicker.js]
[doccure.dreamguystech.com/html/template/booking.html]
[doccure.dreamguystech.com/html/template/checkout.html]
[doccure.dreamguystech.com/html/template/booking-success.html]
[doccure.dreamguystech.com/html/template/dependent.html]
[doccure.dreamguystech.com/html/template/patient-accounts.html]
[doccure.dreamguystech.com/html/template/orders-list.html]
[doccure.dreamguystech.com/html/template/medical-records.html]
[doccure.dreamguystech.com/html/template/medical-details.html]
[doccure.dreamguystech.com/html/template/assets/img/specialities/pt-dashboard-01.png]
[doccure.dreamguystech.com/html/template/assets/img/specialities/pt-dashboard-02.png]
[doccure.dreamguystech.com/html/template/assets/img/specialities/pt-dashboard-03.png]
[doccure.dreamguystech.com/html/template/assets/img/specialities/pt-dashboard-04.png]
[doccure.dreamguystech.com/html/template/assets/img/shapes/graph-01.png]
[doccure.dreamguystech.com/html/template/assets/img/shapes/graph-02.png]
[doccure.dreamguystech.com/html/template/assets/img/shapes/graph-03.png]
[doccure.dreamguystech.com/html/template/assets/img/shapes/graph-04.png]
[doccure.dreamguystech.com/html/template/patient-dashboard.html]
[doccure.dreamguystech.com/html/template/favourites.html]
[doccure.dreamguystech.com/html/template/chat.html]
[doccure.dreamguystech.com/html/template/profile-settings.html]
[doccure.dreamguystech.com/html/template/change-password.html]
[doccure.dreamguystech.com/html/template/assets/img/doc-slider.png]
[doccure.dreamguystech.com/html/template/assets/img/icons/truck-icon.svg]
[doccure.dreamguystech.com/html/template/assets/img/icons/empty-wallet.svg]
[doccure.dreamguystech.com/html/template/assets/img/icons/help-icon.svg]
[doccure.dreamguystech.com/html/template/assets/img/icons/return-icon.svg]
[doccure.dreamguystech.com/html/template/assets/img/products/product-01.jpg]
[doccure.dreamguystech.com/html/template/assets/img/icons/cart-icon.svg]
[doccure.dreamguystech.com/html/template/assets/img/products/product-02.jpg]
[doccure.dreamguystech.com/html/template/assets/img/products/product-03.jpg]
[doccure.dreamguystech.com/html/template/assets/img/products/product-04.jpg]
[doccure.dreamguystech.com/html/template/assets/img/products/product-05.jpg]
[doccure.dreamguystech.com/html/template/assets/img/products/product-06.jpg]
[doccure.dreamguystech.com/html/template/assets/img/mask.png]
[doccure.dreamguystech.com/html/template/assets/img/brand/brand-01.jpg]
[doccure.dreamguystech.com/html/template/assets/img/brand/brand-logo-01.png]
[doccure.dreamguystech.com/html/template/assets/img/brand/brand-02.jpg]
[doccure.dreamguystech.com/html/template/assets/img/brand/brand-logo-02.png]
[doccure.dreamguystech.com/html/template/assets/img/brand/brand-03.jpg]
[doccure.dreamguystech.com/html/template/assets/img/brand/brand-logo-03.png]
[doccure.dreamguystech.com/html/template/assets/img/brand/brand-04.jpg]
[doccure.dreamguystech.com/html/template/assets/img/brand/brand-logo-04.png]
[doccure.dreamguystech.com/html/template/assets/img/blog/pharm-blog-01.jpg]
[doccure.dreamguystech.com/html/template/assets/img/blog/pharm-blog-02.jpg]
[doccure.dreamguystech.com/html/template/assets/img/blog/pharm-blog-03.jpg]
[doccure.dreamguystech.com/html/template/assets/img/patients/patient13.jpg]
[doccure.dreamguystech.com/html/template/pharmacy-index.html]
[doccure.dreamguystech.com/html/template/index-1.html]
[doccure.dreamguystech.com/html/template/index-2.html]
[doccure.dreamguystech.com/html/template/index-3.html]
[doccure.dreamguystech.com/html/template/index-5.html]
[doccure.dreamguystech.com/html/template/assets/img/pharmacy/pharmacy-05.jpg]
[doccure.dreamguystech.com/html/template/product-list.html]
[doccure.dreamguystech.com/html/template/assets/img/products/product-08.png]
[doccure.dreamguystech.com/html/template/assets/img/products/product-09.png]
[doccure.dreamguystech.com/html/template/assets/img/products/product-07.png]
[doccure.dreamguystech.com/html/template/assets/img/products/product-10.jpg]
[doccure.dreamguystech.com/html/template/assets/img/products/product-11.png]
[doccure.dreamguystech.com/html/template/assets/img/pharmacy/pharmacy-02.jpg]
[doccure.dreamguystech.com/html/template/assets/img/pharmacy/pharmacy-03.jpg]
[doccure.dreamguystech.com/html/template/assets/img/pharmacy/pharmacy-user1.jpg]
[doccure.dreamguystech.com/html/template/assets/img/pharmacy/pharmacy-user2.jpg]
[doccure.dreamguystech.com/html/template/assets/img/pharmacy/pharmacy-user3.jpg]
[doccure.dreamguystech.com/html/template/assets/img/pharmacy/pharmacy-user4.jpg]
[doccure.dreamguystech.com/html/template/pharmacy-details.html]
[doccure.dreamguystech.com/html/template/assets/plugins/jquery-ui/jquery-ui.css]
[doccure.dreamguystech.com/html/template/assets/img/pharmacy/pharmacy-01.jpg]
[doccure.dreamguystech.com/html/template/assets/img/pharmacy/pharmacy-04.jpg]
[doccure.dreamguystech.com/html/template/pharmacy-search.html]
[doccure.dreamguystech.com/html/template/assets/plugins/jquery-ui/jquery-ui.min.js]
[doccure.dreamguystech.com/html/template/product-all.html]
[doccure.dreamguystech.com/html/template/assets/img/products/product-12.png]
[doccure.dreamguystech.com/html/template/product-description.html]
[doccure.dreamguystech.com/html/template/assets/img/products/product-14.jpg]
[doccure.dreamguystech.com/html/template/assets/img/products/product.jpg]
[doccure.dreamguystech.com/html/template/assets/img/products/product1.jpg]
[doccure.dreamguystech.com/html/template/cart.html]
[doccure.dreamguystech.com/html/template/assets/img/products/product2.jpg]
[doccure.dreamguystech.com/html/template/assets/img/icons/returning-01.svg]
[doccure.dreamguystech.com/html/template/product-checkout.html]
[doccure.dreamguystech.com/html/template/payment-success.html]
[doccure.dreamguystech.com/html/template/assets/img/login-banner-01.png]
[doccure.dreamguystech.com/html/template/assets/img/icons/returning-02.svg]
[doccure.dreamguystech.com/html/template/pharmacy-register.html]
[doccure.dreamguystech.com/html/template/voice-call.html]
[doccure.dreamguystech.com/html/template/assets/img/icons/google.svg]
[doccure.dreamguystech.com/html/template/assets/img/video-call.jpg]
[doccure.dreamguystech.com/html/template/video-call.html]
[doccure.dreamguystech.com/html/template/assets/plugins/fullcalendar/fullcalendar.min.css]
[doccure.dreamguystech.com/html/template/assets/plugins/fullcalendar/fullcalendar.min.js]
[doccure.dreamguystech.com/html/template/assets/plugins/fullcalendar/jquery.fullcalendar.js]
[doccure.dreamguystech.com/html/template/calendar.html]
[doccure.dreamguystech.com/html/template/assets/img/onboard-img/onb-logo.png]
[doccure.dreamguystech.com/html/template/assets/img/onboard-img/onb-slide-img.png]
[doccure.dreamguystech.com/html/template/onboarding-identity.html]
[doccure.dreamguystech.com/html/template/onboarding-personalize.html]
[doccure.dreamguystech.com/html/template/onboarding-verification.html]
[doccure.dreamguystech.com/html/template/onboarding-payments.html]
[doccure.dreamguystech.com/html/template/onboarding-preferences.html]
[doccure.dreamguystech.com/html/template/onboarding-email.html]
[doccure.dreamguystech.com/html/template/onboarding-email-otp.html]
[doccure.dreamguystech.com/html/template/assets/img/icons/camera.svg]
[doccure.dreamguystech.com/html/template/patient-register-step1.html]
[doccure.dreamguystech.com/html/template/patient-register-step2.html]
[doccure.dreamguystech.com/html/template/assets/img/img-01.jpg]
[doccure.dreamguystech.com/html/template/components.html]
[doccure.dreamguystech.com/html/template/invoice-view.html]
[doccure.dreamguystech.com/html/template/blank-page.html]
[doccure.dreamguystech.com/html/template/assets/img/icons/vect-01.png]
[doccure.dreamguystech.com/html/template/assets/img/icons/vect-02.png]
[doccure.dreamguystech.com/html/template/assets/img/icons/vect-03.png]
[doccure.dreamguystech.com/html/template/assets/img/features/feature-07.jpg]
[doccure.dreamguystech.com/html/template/assets/img/features/feature-09.jpg]
[doccure.dreamguystech.com/html/template/assets/img/features/feature-08.jpg]
[doccure.dreamguystech.com/html/template/assets/img/features/feature-10.jpg]
[doccure.dreamguystech.com/html/template/assets/img/features/feature-11.jpg]
[doccure.dreamguystech.com/html/template/assets/img/features/feature-12.jpg]
[doccure.dreamguystech.com/html/template/about-us.html]
[doccure.dreamguystech.com/html/template/contact-us.html]
[doccure.dreamguystech.com/html/template/login.html]
[doccure.dreamguystech.com/html/template/register.html]
[doccure.dreamguystech.com/html/template/forgot-password.html]
[doccure.dreamguystech.com/html/template/assets/img/blog/blog-thumb-01.jpg]
[doccure.dreamguystech.com/html/template/assets/img/blog/blog-thumb-02.jpg]
[doccure.dreamguystech.com/html/template/assets/img/blog/blog-thumb-03.jpg]
[doccure.dreamguystech.com/html/template/assets/img/blog/blog-thumb-04.jpg]
[doccure.dreamguystech.com/html/template/assets/img/blog/blog-thumb-05.jpg]
[doccure.dreamguystech.com/html/template/blog-list.html]
[doccure.dreamguystech.com/html/template/assets/img/blog/blog-05.jpg]
[doccure.dreamguystech.com/html/template/assets/img/blog/blog-06.jpg]
[doccure.dreamguystech.com/html/template/assets/img/blog/blog-07.jpg]
[doccure.dreamguystech.com/html/template/assets/img/blog/blog-08.jpg]
[doccure.dreamguystech.com/html/template/assets/img/blog/blog-09.jpg]
[doccure.dreamguystech.com/html/template/blog-grid.html]
[doccure.dreamguystech.com/html/template/blog-details.html]
[doccure.dreamguystech.com/html/template/assets/img/blog/blog-10.jpg]
[doccure.dreamguystech.com/html/template/admin/assets/img/favicon.png]
[doccure.dreamguystech.com/html/template/admin/assets/css/bootstrap.min.css]
[doccure.dreamguystech.com/html/template/admin/assets/plugins/fontawesome/css/fontawesome.min.css]
[doccure.dreamguystech.com/html/template/admin/assets/plugins/fontawesome/css/all.min.css]
[doccure.dreamguystech.com/html/template/admin/assets/css/feather.css]
[doccure.dreamguystech.com/html/template/admin/assets/plugins/select2/css/select2.min.css]
[doccure.dreamguystech.com/html/template/admin/assets/plugins/owl-carousel/owl.carousel.min.css]
[doccure.dreamguystech.com/html/template/admin/assets/plugins/daterangepicker/daterangepicker.css]
[doccure.dreamguystech.com/html/template/admin/assets/css/style.css]
[doccure.dreamguystech.com/html/template/admin/assets/img/logo.png]
[doccure.dreamguystech.com/html/template/admin/assets/img/logo-small.png]
[doccure.dreamguystech.com/html/template/admin/assets/img/profiles/avatar-02.jpg]
[doccure.dreamguystech.com/html/template/admin/assets/img/profiles/avatar-05.jpg]
[doccure.dreamguystech.com/html/template/admin/assets/img/profiles/avatar-03.jpg]
[doccure.dreamguystech.com/html/template/admin/assets/img/profiles/avatar-06.jpg]
[doccure.dreamguystech.com/html/template/admin/assets/img/profiles/avatar-01.jpg]
[doccure.dreamguystech.com/html/template/admin/profile.html]
[doccure.dreamguystech.com/html/template/admin/account-settings.html]
[doccure.dreamguystech.com/html/template/admin/login.html]
[doccure.dreamguystech.com/html/template/admin/upcoming-appointments.html]
[doccure.dreamguystech.com/html/template/admin/specialities.html]
[doccure.dreamguystech.com/html/template/admin/doctor-list.html]
[doccure.dreamguystech.com/html/template/admin/patient-list.html]
[doccure.dreamguystech.com/html/template/admin/ratings.html]
[doccure.dreamguystech.com/html/template/admin/transaction.html]
[doccure.dreamguystech.com/html/template/admin/settings.html]
[doccure.dreamguystech.com/html/template/admin/appointment-report.html]
[doccure.dreamguystech.com/html/template/admin/income-report.html]
[doccure.dreamguystech.com/html/template/admin/invoice-report.html]
[doccure.dreamguystech.com/html/template/admin/user-reports.html]
[doccure.dreamguystech.com/html/template/admin/pharmacy-list.html]
[doccure.dreamguystech.com/html/template/admin/pharmacy-category.html]
[doccure.dreamguystech.com/html/template/admin/product-list.html]
[doccure.dreamguystech.com/html/template/admin/product-category.html]
[doccure.dreamguystech.com/html/template/admin/active-blog.html]
[doccure.dreamguystech.com/html/template/admin/blog-details.html]
[doccure.dreamguystech.com/html/template/admin/add-blog.html]
[doccure.dreamguystech.com/html/template/admin/edit-blog.html]
[doccure.dreamguystech.com/html/template/admin/add-profile.html]
[doccure.dreamguystech.com/html/template/admin/register.html]
[doccure.dreamguystech.com/html/template/admin/forgot-password.html]
[doccure.dreamguystech.com/html/template/admin/lock-screen.html]
[doccure.dreamguystech.com/html/template/admin/error-404.html]
[doccure.dreamguystech.com/html/template/admin/error-500.html]
[doccure.dreamguystech.com/html/template/admin/blank-page.html]
[doccure.dreamguystech.com/html/template/admin/components.html]
[doccure.dreamguystech.com/html/template/admin/form-basic-inputs.html]
[doccure.dreamguystech.com/html/template/admin/form-input-groups.html]
[doccure.dreamguystech.com/html/template/admin/form-horizontal.html]
[doccure.dreamguystech.com/html/template/admin/form-vertical.html]
[doccure.dreamguystech.com/html/template/admin/form-mask.html]
[doccure.dreamguystech.com/html/template/admin/form-validation.html]
[doccure.dreamguystech.com/html/template/admin/tables-basic.html]
[doccure.dreamguystech.com/html/template/admin/data-tables.html]
[doccure.dreamguystech.com/html/template/admin/assets/img/icon/calendar.png]
[doccure.dreamguystech.com/html/template/admin/assets/img/icon/chart.png]
[doccure.dreamguystech.com/html/template/admin/assets/img/profiles/avatar-07.jpg]
[doccure.dreamguystech.com/html/template/admin/assets/img/profiles/avatar-08.jpg]
[doccure.dreamguystech.com/html/template/admin/assets/img/profiles/avatar-04.jpg]
[doccure.dreamguystech.com/html/template/admin/assets/img/profiles/avatar-10.jpg]
[doccure.dreamguystech.com/html/template/admin/assets/img/profiles/avatar-11.jpg]
[doccure.dreamguystech.com/html/template/admin/assets/img/profiles/avatar-13.jpg]
[doccure.dreamguystech.com/html/template/admin/assets/img/icon/urology.png]
[doccure.dreamguystech.com/html/template/admin/assets/img/icon/neurology.png]
[doccure.dreamguystech.com/html/template/admin/assets/img/icon/ortho.png]
[doccure.dreamguystech.com/html/template/admin/assets/img/icon/cardio.png]
[doccure.dreamguystech.com/html/template/admin/assets/img/icon/dental.png]
[doccure.dreamguystech.com/html/template/admin/assets/img/profiles/avatar-09.jpg]
[doccure.dreamguystech.com/html/template/admin/assets/img/profiles/avatar-12.jpg]
[doccure.dreamguystech.com/html/template/admin/assets/img/flags/flag-01.png]
[doccure.dreamguystech.com/html/template/admin/assets/img/flags/flag-02.png]
[doccure.dreamguystech.com/html/template/admin/assets/img/flags/flag-03.png]
[doccure.dreamguystech.com/html/template/admin/assets/img/flags/flag-04.png]
[doccure.dreamguystech.com/html/template/admin/assets/img/flags/flag-05.png]
[doccure.dreamguystech.com/html/template/admin/assets/js/jquery-3.6.0.min.js]
[doccure.dreamguystech.com/html/template/admin/assets/js/bootstrap.bundle.min.js]
[doccure.dreamguystech.com/html/template/admin/assets/js/feather.min.js]
[doccure.dreamguystech.com/html/template/admin/assets/plugins/select2/js/select2.min.js]
[doccure.dreamguystech.com/html/template/admin/assets/plugins/slimscroll/jquery.slimscroll.min.js]
[doccure.dreamguystech.com/html/template/admin/assets/plugins/owl-carousel/owl.carousel.min.js]
[doccure.dreamguystech.com/html/template/admin/assets/plugins/apexchart/apexcharts.min.js]
[doccure.dreamguystech.com/html/template/admin/assets/plugins/apexchart/chart-data.js]
[doccure.dreamguystech.com/html/template/admin/assets/js/moment.min.js]
[doccure.dreamguystech.com/html/template/admin/assets/plugins/daterangepicker/daterangepicker.js]
[doccure.dreamguystech.com/html/template/admin/assets/js/script.js]
[doccure.dreamguystech.com/html/template/admin/index.html]
[doccure.dreamguystech.com/html/template/term-condition.html]
[doccure.dreamguystech.com/html/template/privacy-policy.html]
[doccure.dreamguystech.com/html/template/assets/plugins/fontawesome/webfonts/fa-brands-400.html]
[doccure.dreamguystech.com/html/template/assets/plugins/fontawesome/webfonts/fa-brands-400.svg]
[doccure.dreamguystech.com/html/template/assets/plugins/fontawesome/webfonts/fa-regular-400.html]
[doccure.dreamguystech.com/html/template/assets/plugins/fontawesome/webfonts/fa-regular-400.svg]
[doccure.dreamguystech.com/html/template/assets/plugins/fontawesome/webfonts/fa-solid-900.html]
[doccure.dreamguystech.com/html/template/assets/plugins/fontawesome/webfonts/fa-solid-900.svg]
[doccure.dreamguystech.com/html/template/assets/fonts/MaterialIcons-Regular.html]
[doccure.dreamguystech.com/html/template/assets/img/icons/tick-icon.svg]
[doccure.dreamguystech.com/html/template/assets/img/icons/down-arrow-gray.svg]
[doccure.dreamguystech.com/html/template/assets/img/icons/down-arrow-gray-dark.svg]
[doccure.dreamguystech.com/html/template/assets/img/flag/india.html]
[doccure.dreamguystech.com/html/template/assets/img/flag/ng.html]
[doccure.dreamguystech.com/html/template/assets/img/flag/gb.html]
[doccure.dreamguystech.com/html/template/assets/img/flag/usa.html]
[doccure.dreamguystech.com/html/template/assets/img/icons/search-icon.svg]
[doccure.dreamguystech.com/html/template/assets/img/icons/password-duotone.svg]
[doccure.dreamguystech.com/html/template/assets/img/icons/fluent-password.svg]
[doccure.dreamguystech.com/html/template/doctor-pending-blog.html]
[doccure.dreamguystech.com/html/template/doctor-blog.html]
[doccure.dreamguystech.com/html/template/doctor-add-blog.html]
[doccure.dreamguystech.com/html/template/edit-blog.html]
[doccure.dreamguystech.com/html/template/patient-Personalize.html]
[doccure.dreamguystech.com/html/template/patient-details.html]
[doccure.dreamguystech.com/html/template/patient-family-details.html]
[doccure.dreamguystech.com/html/template/patient-dependant-details.html]
[doccure.dreamguystech.com/html/template/patient-other-details.html]
[doccure.dreamguystech.com/html/template/patient-email.html]
[doccure.dreamguystech.com/html/template/patient-email-otp.html]
[doccure.dreamguystech.com/html/template/pharmacy/assets/img/favicon.png]
[doccure.dreamguystech.com/html/template/pharmacy/assets/css/bootstrap.min.css]
[doccure.dreamguystech.com/html/template/pharmacy/assets/plugins/fontawesome/css/fontawesome.min.css]
[doccure.dreamguystech.com/html/template/pharmacy/assets/plugins/fontawesome/css/all.min.css]
[doccure.dreamguystech.com/html/template/pharmacy/assets/css/feather.css]
[doccure.dreamguystech.com/html/template/pharmacy/assets/plugins/select2/css/select2.min.css]
[doccure.dreamguystech.com/html/template/pharmacy/assets/plugins/morris/morris.css]
[doccure.dreamguystech.com/html/template/pharmacy/assets/plugins/daterangepicker/daterangepicker.css]
[doccure.dreamguystech.com/html/template/pharmacy/assets/css/style.css]
[doccure.dreamguystech.com/html/template/pharmacy/assets/img/logo.png]
[doccure.dreamguystech.com/html/template/pharmacy/assets/img/logo-small.png]
[doccure.dreamguystech.com/html/template/pharmacy/assets/img/profiles/avatar-02.jpg]
[doccure.dreamguystech.com/html/template/pharmacy/assets/img/profiles/avatar-05.jpg]
[doccure.dreamguystech.com/html/template/pharmacy/assets/img/profiles/avatar-03.jpg]
[doccure.dreamguystech.com/html/template/pharmacy/assets/img/profiles/avatar-06.jpg]
[doccure.dreamguystech.com/html/template/pharmacy/assets/img/profiles/avatar-01.jpg]
[doccure.dreamguystech.com/html/template/pharmacy/profile.html]
[doccure.dreamguystech.com/html/template/pharmacy/settings.html]
[doccure.dreamguystech.com/html/template/pharmacy/products.html]
[doccure.dreamguystech.com/html/template/pharmacy/add-product.html]
[doccure.dreamguystech.com/html/template/pharmacy/outstock.html]
[doccure.dreamguystech.com/html/template/pharmacy/expired.html]
[doccure.dreamguystech.com/html/template/pharmacy/categories.html]
[doccure.dreamguystech.com/html/template/pharmacy/purchase.html]
[doccure.dreamguystech.com/html/template/pharmacy/add-purchase.html]
[doccure.dreamguystech.com/html/template/pharmacy/order.html]
[doccure.dreamguystech.com/html/template/pharmacy/sales.html]
[doccure.dreamguystech.com/html/template/pharmacy/supplier.html]
[doccure.dreamguystech.com/html/template/pharmacy/add-supplier.html]
[doccure.dreamguystech.com/html/template/pharmacy/transactions-list.html]
[doccure.dreamguystech.com/html/template/pharmacy/invoice.html]
[doccure.dreamguystech.com/html/template/pharmacy/invoice-report.html]
[doccure.dreamguystech.com/html/template/pharmacy/assets/js/jquery-3.6.0.min.js]
[doccure.dreamguystech.com/html/template/pharmacy/assets/js/bootstrap.bundle.min.js]
[doccure.dreamguystech.com/html/template/pharmacy/assets/js/feather.min.js]
[doccure.dreamguystech.com/html/template/pharmacy/assets/plugins/select2/js/select2.min.js]
[doccure.dreamguystech.com/html/template/pharmacy/assets/plugins/slimscroll/jquery.slimscroll.min.js]
[doccure.dreamguystech.com/html/template/pharmacy/assets/plugins/apexchart/apexcharts.min.js]
[doccure.dreamguystech.com/html/template/pharmacy/assets/plugins/apexchart/chart-data.js]
[doccure.dreamguystech.com/html/template/pharmacy/assets/js/moment.min.js]
[doccure.dreamguystech.com/html/template/pharmacy/assets/plugins/daterangepicker/daterangepicker.js]
[doccure.dreamguystech.com/html/template/pharmacy/assets/js/script.js]
[doccure.dreamguystech.com/html/template/pharmacy/index.html]
[doccure.dreamguystech.com/html/template/assets/plugins/select2/css/select2.min.css]
[doccure.dreamguystech.com/html/template/assets/plugins/swiper/css/swiper.min.css]
[doccure.dreamguystech.com/html/template/assets/css/owl.video.play.png]
[doccure.dreamguystech.com/html/template/assets/css/owl.carousel.min.css]
[doccure.dreamguystech.com/html/template/assets/img/doctor-banner.html]
[doccure.dreamguystech.com/html/template/assets/fonts/Feather144f.ttf]
[doccure.dreamguystech.com/html/template/assets/fonts/Feather144f.woff]
[doccure.dreamguystech.com/html/template/assets/css/feather.css]
[doccure.dreamguystech.com/html/template/assets/img/icons/icon6.svg]
[doccure.dreamguystech.com/html/template/assets/img/icons/icon3.svg]
[doccure.dreamguystech.com/html/template/assets/img/icons/icon4.svg]
[doccure.dreamguystech.com/html/template/assets/img/icons/icon2.svg]
[doccure.dreamguystech.com/html/template/assets/img/icons/icon1.svg]
[doccure.dreamguystech.com/html/template/assets/img/services/features-01.svg]
[doccure.dreamguystech.com/html/template/assets/img/services/features-02.svg]
[doccure.dreamguystech.com/html/template/assets/img/services/features-03.svg]
[doccure.dreamguystech.com/html/template/assets/img/services/features-04.svg]
[doccure.dreamguystech.com/html/template/assets/img/best-doctor-check.svg]
[doccure.dreamguystech.com/html/template/assets/img/services/features-05.svg]
[doccure.dreamguystech.com/html/template/assets/img/services/features-06.svg]
[doccure.dreamguystech.com/html/template/assets/img/icons/icon5.svg]
[doccure.dreamguystech.com/html/template/assets/img/icons/icon7.svg]
[doccure.dreamguystech.com/html/template/assets/img/icons/icon8.svg]
[doccure.dreamguystech.com/html/template/assets/img/icons/icon9.svg]
[doccure.dreamguystech.com/html/template/assets/img/icons/icon10.svg]
[doccure.dreamguystech.com/html/template/assets/img/icons/icon11.svg]
[doccure.dreamguystech.com/html/template/assets/img/icons/set-bed.svg]
[doccure.dreamguystech.com/html/template/assets/img/icons/tablet-blue.svg]
[doccure.dreamguystech.com/html/template/assets/img/icons/test-tubes.svg]
[doccure.dreamguystech.com/html/template/assets/plugins/apex/apexcharts.css]
[doccure.dreamguystech.com/html/template/available-timings.html]
[doccure.dreamguystech.com/html/template/accounts.html]
[doccure.dreamguystech.com/html/template/social-media.html]
[doccure.dreamguystech.com/html/template/doctor-change-password.html]
[doccure.dreamguystech.com/html/template/assets/img/icons/video-icon-sm.svg]
[doccure.dreamguystech.com/html/template/assets/img/icons/audio-icon-sm.svg]
[doccure.dreamguystech.com/html/template/assets/img/icons/chat-sm.svg]
[doccure.dreamguystech.com/html/template/assets/img/icons/tablets.svg]
[doccure.dreamguystech.com/html/template/assets/css/bootstrap-datetimepicker.min.css]
[doccure.dreamguystech.com/html/template/edit-prescription.html]
[doccure.dreamguystech.com/html/template/add-prescription.html]
[doccure.dreamguystech.com/html/template/assets/fonts/Feather144f.svg]
[doccure.dreamguystech.com/html/template/add-billing.html]
[doccure.dreamguystech.com/html/template/edit-billing.html]
[doccure.dreamguystech.com/html/template/assets/plugins/bootstrap-tagsinput/css/bootstrap-tagsinput.css]
[doccure.dreamguystech.com/html/template/assets/plugins/dropzone/dropzone.min.css]
[doccure.dreamguystech.com/html/template/assets/plugins/fancybox/jquery.fancybox.min.css]
[doccure.dreamguystech.com/html/template/assets/plugins/daterangepicker/daterangepicker.css]
[doccure.dreamguystech.com/html/template/product-healthcare.html]
[doccure.dreamguystech.com/html/template/assets/plugins/jquery-ui/jquery-ui.min.css]
[doccure.dreamguystech.com/html/template/assets/img/patients/patient16.jpg]
[doccure.dreamguystech.com/html/template/assets/img/patients/patient17.jpg]
[doccure.dreamguystech.com/html/template/assets/img/patients/patient18.jpg]
[doccure.dreamguystech.com/html/template/assets/img/patients/patient19.jpg]
[doccure.dreamguystech.com/html/template/dependent.html]
[doccure.dreamguystech.com/html/template/patient-accounts.html]
[doccure.dreamguystech.com/html/template/orders-list.html]
[doccure.dreamguystech.com/html/template/assets/img/upload-icon.png]
[doccure.dreamguystech.com/html/template/medical-records.html]
[doccure.dreamguystech.com/html/template/medical-details.html]
[doccure.dreamguystech.com/html/template/assets/img/icons/truck-icon.svg]
[doccure.dreamguystech.com/html/template/assets/img/icons/empty-wallet.svg]
[doccure.dreamguystech.com/html/template/assets/img/icons/help-icon.svg]
[doccure.dreamguystech.com/html/template/assets/img/icons/return-icon.svg]
[doccure.dreamguystech.com/html/template/assets/img/icons/cart-icon.svg]
[doccure.dreamguystech.com/html/template/index-1.html]
[doccure.dreamguystech.com/html/template/index-2.html]
[doccure.dreamguystech.com/html/template/index-3.html]
[doccure.dreamguystech.com/html/template/index-5.html]
[doccure.dreamguystech.com/html/template/product-list.html]
[doccure.dreamguystech.com/html/template/assets/plugins/jquery-ui/images/ui-icons_444444_256x240.png]
[doccure.dreamguystech.com/html/template/assets/plugins/jquery-ui/images/ui-icons_555555_256x240.png]
[doccure.dreamguystech.com/html/template/assets/plugins/jquery-ui/images/ui-icons_ffffff_256x240.png]
[doccure.dreamguystech.com/html/template/assets/plugins/jquery-ui/images/ui-icons_777620_256x240.png]
[doccure.dreamguystech.com/html/template/assets/plugins/jquery-ui/images/ui-icons_cc0000_256x240.png]
[doccure.dreamguystech.com/html/template/assets/plugins/jquery-ui/images/ui-icons_777777_256x240.png]
[doccure.dreamguystech.com/html/template/assets/plugins/jquery-ui/jquery-ui.css]
[doccure.dreamguystech.com/html/template/assets/img/icons/returning-01.svg]
[doccure.dreamguystech.com/html/template/assets/img/icons/returning-02.svg]
[doccure.dreamguystech.com/html/template/assets/img/icons/google.svg]
[doccure.dreamguystech.com/html/template/assets/plugins/fullcalendar/fullcalendar.min.css]
[doccure.dreamguystech.com/html/template/assets/img/icons/file.png]
[doccure.dreamguystech.com/html/template/onboarding-identity.html]
[doccure.dreamguystech.com/html/template/assets/img/icons/success-tick.svg]
[doccure.dreamguystech.com/html/template/assets/img/icons/up-img-1.svg]
[doccure.dreamguystech.com/html/template/onboarding-personalize.html]
[doccure.dreamguystech.com/html/template/onboarding-verification.html]
[doccure.dreamguystech.com/html/template/assets/img/icons/edit.svg]
[doccure.dreamguystech.com/html/template/assets/img/icons/payment-card.png]
[doccure.dreamguystech.com/html/template/onboarding-payments.html]
[doccure.dreamguystech.com/html/template/assets/img/icons/mic-black.svg]
[doccure.dreamguystech.com/html/template/assets/img/icons/video-icon.svg]
[doccure.dreamguystech.com/html/template/assets/img/icons/ch.svg]
[doccure.dreamguystech.com/html/template/onboarding-preferences.html]
[doccure.dreamguystech.com/html/template/assets/img/icons/repeat.svg]
[doccure.dreamguystech.com/html/template/onboarding-email-otp.html]
[doccure.dreamguystech.com/html/template/assets/img/icons/camera.svg]
[doccure.dreamguystech.com/html/template/onboarding-phone.html]
[doccure.dreamguystech.com/html/template/assets/img/icons/male.png]
[doccure.dreamguystech.com/html/template/assets/img/icons/female.png]
[doccure.dreamguystech.com/html/template/patient-register-step2.html]
[doccure.dreamguystech.com/html/template/admin/assets/css/bootstrap.min.css]
[doccure.dreamguystech.com/html/template/admin/assets/plugins/fontawesome/css/fontawesome.min.css]
[doccure.dreamguystech.com/html/template/patient-register-step3.html]
[doccure.dreamguystech.com/html/template/admin/assets/plugins/fontawesome/webfonts/fa-brands-400.eot]
[doccure.dreamguystech.com/html/template/admin/assets/plugins/fontawesome/webfonts/fa-brands-400d41d.eot]
[doccure.dreamguystech.com/html/template/admin/assets/plugins/fontawesome/webfonts/fa-brands-400.woff]
[doccure.dreamguystech.com/html/template/admin/assets/plugins/fontawesome/webfonts/fa-brands-400.ttf]
[doccure.dreamguystech.com/html/template/admin/assets/plugins/fontawesome/webfonts/fa-brands-400.svg]
[doccure.dreamguystech.com/html/template/admin/assets/plugins/fontawesome/webfonts/fa-regular-400.eot]
[doccure.dreamguystech.com/html/template/admin/assets/plugins/fontawesome/webfonts/fa-regular-400d41d.eot]
[doccure.dreamguystech.com/html/template/admin/assets/plugins/fontawesome/webfonts/fa-regular-400.woff]
[doccure.dreamguystech.com/html/template/admin/assets/plugins/fontawesome/webfonts/fa-regular-400.ttf]
[doccure.dreamguystech.com/html/template/admin/assets/plugins/fontawesome/webfonts/fa-regular-400.svg]
[doccure.dreamguystech.com/html/template/admin/assets/plugins/fontawesome/webfonts/fa-solid-900.eot]
[doccure.dreamguystech.com/html/template/admin/assets/plugins/fontawesome/webfonts/fa-solid-900d41d.eot]
[doccure.dreamguystech.com/html/template/admin/assets/plugins/fontawesome/webfonts/fa-solid-900.woff]
[doccure.dreamguystech.com/html/template/admin/assets/plugins/fontawesome/webfonts/fa-solid-900.ttf]
[doccure.dreamguystech.com/html/template/admin/assets/plugins/fontawesome/css/all.min.css]
[doccure.dreamguystech.com/html/template/admin/assets/plugins/fontawesome/webfonts/fa-solid-900.svg]
[doccure.dreamguystech.com/html/template/admin/assets/fonts/Feather144f.ttf]
[doccure.dreamguystech.com/html/template/admin/assets/fonts/Feather144f.woff]
[doccure.dreamguystech.com/html/template/admin/assets/css/feather.css]
[doccure.dreamguystech.com/html/template/admin/assets/plugins/select2/css/select2.min.css]
[doccure.dreamguystech.com/html/template/admin/assets/fonts/Feather144f.svg]
[doccure.dreamguystech.com/html/template/admin/assets/plugins/owl-carousel/owl.video.play.png]
[doccure.dreamguystech.com/html/template/admin/assets/plugins/owl-carousel/owl.carousel.min.css]
[doccure.dreamguystech.com/html/template/admin/assets/plugins/daterangepicker/daterangepicker.css]
[doccure.dreamguystech.com/html/template/admin/assets/fonts/MaterialIcons-Regular.eot]
[doccure.dreamguystech.com/html/template/admin/assets/fonts/MaterialIcons-Regular.woff]
[doccure.dreamguystech.com/html/template/admin/assets/fonts/MaterialIcons-Regular.ttf]
[doccure.dreamguystech.com/html/template/admin/assets/img/login-bg.jpg]
[doccure.dreamguystech.com/html/template/admin/assets/css/style.css]
[doccure.dreamguystech.com/html/template/admin/profile.html]
[doccure.dreamguystech.com/html/template/admin/account-settings.html]
[doccure.dreamguystech.com/html/template/admin/change-password.html]
[doccure.dreamguystech.com/html/template/admin/assets/img/icon/google.png]
[doccure.dreamguystech.com/html/template/admin/assets/img/icon/facebook.png]
[doccure.dreamguystech.com/html/template/admin/assets/img/icon/twitter.png]
[doccure.dreamguystech.com/html/template/admin/login.html]
[doccure.dreamguystech.com/html/template/admin/assets/plugins/datatables/datatables.min.css]
[doccure.dreamguystech.com/html/template/admin/past-appointments.html]
[doccure.dreamguystech.com/html/template/admin/assets/plugins/datatables/jquery.dataTables.min.js]
[doccure.dreamguystech.com/html/template/admin/assets/plugins/datatables/datatables.min.js]
[doccure.dreamguystech.com/html/template/admin/upcoming-appointments.html]
[doccure.dreamguystech.com/html/template/admin/assets/img/icon/sort.png]
[doccure.dreamguystech.com/html/template/admin/specialities.html]
[doccure.dreamguystech.com/html/template/admin/doctor-list.html]
[doccure.dreamguystech.com/html/template/admin/patient-list.html]
[doccure.dreamguystech.com/html/template/admin/ratings.html]
[doccure.dreamguystech.com/html/template/admin/transaction.html]
[doccure.dreamguystech.com/html/template/admin/assets/css/bootstrap-datetimepicker.min.css]
[doccure.dreamguystech.com/html/template/admin/localization-details.html]
[doccure.dreamguystech.com/html/template/admin/payment-settings.html]
[doccure.dreamguystech.com/html/template/admin/email-settings.html]
[doccure.dreamguystech.com/html/template/admin/social-settings.html]
[doccure.dreamguystech.com/html/template/admin/social-links.html]
[doccure.dreamguystech.com/html/template/admin/seo-settings.html]
[doccure.dreamguystech.com/html/template/admin/settings.html]
[doccure.dreamguystech.com/html/template/admin/appointment-report.html]
[doccure.dreamguystech.com/html/template/admin/income-report.html]
[doccure.dreamguystech.com/html/template/admin/invoice-report.html]
[doccure.dreamguystech.com/html/template/admin/user-reports.html]
[doccure.dreamguystech.com/html/template/admin/others-settings.html]
[doccure.dreamguystech.com/html/template/admin/assets/img/products/product1.jpg]
[doccure.dreamguystech.com/html/template/admin/assets/img/products/product2.jpg]
[doccure.dreamguystech.com/html/template/admin/assets/img/products/product4.jpg]
[doccure.dreamguystech.com/html/template/admin/assets/img/products/product5.jpg]
[doccure.dreamguystech.com/html/template/admin/pharmacy-list.html]
[doccure.dreamguystech.com/html/template/admin/assets/img/icon/icon-01.png]
[doccure.dreamguystech.com/html/template/admin/assets/img/icon/icon-02.png]
[doccure.dreamguystech.com/html/template/admin/assets/img/icon/icon-03.png]
[doccure.dreamguystech.com/html/template/admin/assets/img/products/product3.jpg]
[doccure.dreamguystech.com/html/template/admin/pharmacy-category.html]
[doccure.dreamguystech.com/html/template/admin/assets/img/products/product6.jpg]
[doccure.dreamguystech.com/html/template/admin/product-list.html]
[doccure.dreamguystech.com/html/template/admin/product-category.html]
[doccure.dreamguystech.com/html/template/admin/pending-blog.html]
[doccure.dreamguystech.com/html/template/admin/assets/img/blog/blog-01.jpg]
[doccure.dreamguystech.com/html/template/admin/assets/img/icon/eye-icon.png]
[doccure.dreamguystech.com/html/template/admin/assets/img/blog/blog-02.jpg]
[doccure.dreamguystech.com/html/template/admin/assets/img/blog/blog-03.jpg]
[doccure.dreamguystech.com/html/template/admin/assets/img/blog/blog-04.jpg]
[doccure.dreamguystech.com/html/template/admin/assets/img/blog/blog-06.jpg]
[doccure.dreamguystech.com/html/template/admin/assets/img/blog/blog-07.jpg]
[doccure.dreamguystech.com/html/template/admin/assets/img/blog/blog-08.jpg]
[doccure.dreamguystech.com/html/template/admin/active-blog.html]
[doccure.dreamguystech.com/html/template/admin/assets/img/blog/blog-09.jpg]
[doccure.dreamguystech.com/html/template/admin/blog-details.html]
[doccure.dreamguystech.com/html/template/admin/add-blog.html]
[doccure.dreamguystech.com/html/template/admin/edit-blog.html]
[doccure.dreamguystech.com/html/template/admin/add-profile.html]
[doccure.dreamguystech.com/html/template/admin/register.html]
[doccure.dreamguystech.com/html/template/admin/forgot-password.html]
[doccure.dreamguystech.com/html/template/admin/lock-screen.html]
[doccure.dreamguystech.com/html/template/admin/assets/img/icon/reply-icon.png]
[doccure.dreamguystech.com/html/template/admin/assets/img/404.png]
[doccure.dreamguystech.com/html/template/admin/error-404.html]
[doccure.dreamguystech.com/html/template/admin/assets/img/505.png]
[doccure.dreamguystech.com/html/template/admin/error-500.html]
[doccure.dreamguystech.com/html/template/admin/blank-page.html]
[doccure.dreamguystech.com/html/template/admin/assets/img/img-01.jpg]
[doccure.dreamguystech.com/html/template/admin/components.html]
[doccure.dreamguystech.com/html/template/admin/form-basic-inputs.html]
[doccure.dreamguystech.com/html/template/admin/form-input-groups.html]
[doccure.dreamguystech.com/html/template/admin/form-horizontal.html]
[doccure.dreamguystech.com/html/template/admin/form-vertical.html]
[doccure.dreamguystech.com/html/template/admin/assets/js/jquery.maskedinput.min.js]
[doccure.dreamguystech.com/html/template/admin/assets/js/mask.js]
[doccure.dreamguystech.com/html/template/admin/form-mask.html]
[doccure.dreamguystech.com/html/template/admin/assets/js/form-validation.js]
[doccure.dreamguystech.com/html/template/admin/form-validation.html]
[doccure.dreamguystech.com/html/template/admin/tables-basic.html]
[doccure.dreamguystech.com/html/template/admin/data-tables.html]
[doccure.dreamguystech.com/html/template/doctor-pending-blog.html]
[doccure.dreamguystech.com/html/template/edit-blog.html]
[doccure.dreamguystech.com/html/template/assets/img/icons/up-cam.png]
[doccure.dreamguystech.com/html/template/patient-Personalize.html]
[doccure.dreamguystech.com/html/template/patient-details.html]
[doccure.dreamguystech.com/html/template/patient-family-details.html]
[doccure.dreamguystech.com/html/template/patient-dependant-details.html]
[doccure.dreamguystech.com/html/template/patient-other-details.html]
[doccure.dreamguystech.com/html/template/patient-email-otp.html]
[doccure.dreamguystech.com/html/template/pharmacy/assets/css/bootstrap.min.css]
[doccure.dreamguystech.com/html/template/pharmacy/assets/plugins/fontawesome/css/fontawesome.min.css]
[doccure.dreamguystech.com/html/template/patient-phone.html]
[doccure.dreamguystech.com/html/template/pharmacy/assets/plugins/fontawesome/webfonts/fa-brands-400.eot]
[doccure.dreamguystech.com/html/template/pharmacy/assets/plugins/fontawesome/webfonts/fa-brands-400d41d.eot]
[doccure.dreamguystech.com/html/template/pharmacy/assets/plugins/fontawesome/webfonts/fa-brands-400.woff]
[doccure.dreamguystech.com/html/template/pharmacy/assets/plugins/fontawesome/webfonts/fa-brands-400.ttf]
[doccure.dreamguystech.com/html/template/pharmacy/assets/plugins/fontawesome/webfonts/fa-regular-400.eot]
[doccure.dreamguystech.com/html/template/pharmacy/assets/plugins/fontawesome/webfonts/fa-brands-400.svg]
[doccure.dreamguystech.com/html/template/pharmacy/assets/plugins/fontawesome/webfonts/fa-regular-400d41d.eot]
[doccure.dreamguystech.com/html/template/pharmacy/assets/plugins/fontawesome/webfonts/fa-regular-400.woff]
[doccure.dreamguystech.com/html/template/pharmacy/assets/plugins/fontawesome/webfonts/fa-regular-400.ttf]
[doccure.dreamguystech.com/html/template/pharmacy/assets/plugins/fontawesome/webfonts/fa-regular-400.svg]
[doccure.dreamguystech.com/html/template/pharmacy/assets/plugins/fontawesome/webfonts/fa-solid-900.eot]
[doccure.dreamguystech.com/html/template/pharmacy/assets/plugins/fontawesome/webfonts/fa-solid-900d41d.eot]
[doccure.dreamguystech.com/html/template/pharmacy/assets/plugins/fontawesome/webfonts/fa-solid-900.woff]
[doccure.dreamguystech.com/html/template/pharmacy/assets/plugins/fontawesome/webfonts/fa-solid-900.ttf]
[doccure.dreamguystech.com/html/template/pharmacy/assets/plugins/fontawesome/css/all.min.css]
[doccure.dreamguystech.com/html/template/pharmacy/assets/plugins/fontawesome/webfonts/fa-solid-900.svg]
[doccure.dreamguystech.com/html/template/pharmacy/assets/fonts/Feather144f.ttf]
[doccure.dreamguystech.com/html/template/pharmacy/assets/fonts/Feather144f.woff]
[doccure.dreamguystech.com/html/template/pharmacy/assets/css/feather.css]
[doccure.dreamguystech.com/html/template/pharmacy/assets/plugins/select2/css/select2.min.css]
[doccure.dreamguystech.com/html/template/pharmacy/assets/plugins/morris/morris.css]
[doccure.dreamguystech.com/html/template/pharmacy/assets/plugins/daterangepicker/daterangepicker.css]
[doccure.dreamguystech.com/html/template/pharmacy/assets/fonts/Feather144f.svg]
[doccure.dreamguystech.com/html/template/pharmacy/assets/fonts/MaterialIcons-Regular.eot]
[doccure.dreamguystech.com/html/template/pharmacy/assets/fonts/MaterialIcons-Regular.woff]
[doccure.dreamguystech.com/html/template/pharmacy/assets/fonts/MaterialIcons-Regular.ttf]
[doccure.dreamguystech.com/html/template/pharmacy/assets/css/style.css]
[doccure.dreamguystech.com/html/template/pharmacy/assets/img/login-bg.jpg]
[doccure.dreamguystech.com/html/template/pharmacy/profile.html]
[doccure.dreamguystech.com/html/template/pharmacy/assets/js/bootstrap-datetimepicker.min.js]
[doccure.dreamguystech.com/html/template/pharmacy/assets/css/bootstrap-datetimepicker.min.css]
[doccure.dreamguystech.com/html/template/pharmacy/localization-details.html]
[doccure.dreamguystech.com/html/template/pharmacy/payment-settings.html]
[doccure.dreamguystech.com/html/template/pharmacy/email-settings.html]
[doccure.dreamguystech.com/html/template/pharmacy/social-settings.html]
[doccure.dreamguystech.com/html/template/pharmacy/social-links.html]
[doccure.dreamguystech.com/html/template/pharmacy/seo-settings.html]
[doccure.dreamguystech.com/html/template/pharmacy/settings.html]
[doccure.dreamguystech.com/html/template/pharmacy/others-settings.html]
[doccure.dreamguystech.com/html/template/pharmacy/assets/plugins/datatables/datatables.min.css]
[doccure.dreamguystech.com/html/template/pharmacy/assets/img/products/product1.jpg]
[doccure.dreamguystech.com/html/template/pharmacy/edit-product.html]
[doccure.dreamguystech.com/html/template/pharmacy/assets/img/products/product2.jpg]
[doccure.dreamguystech.com/html/template/pharmacy/assets/img/products/product3.jpg]
[doccure.dreamguystech.com/html/template/pharmacy/assets/img/products/product4.jpg]
[doccure.dreamguystech.com/html/template/pharmacy/assets/img/products/product5.jpg]
[doccure.dreamguystech.com/html/template/pharmacy/assets/img/products/product6.jpg]
[doccure.dreamguystech.com/html/template/pharmacy/product-category.html]
[doccure.dreamguystech.com/html/template/pharmacy/assets/plugins/datatables/jquery.dataTables.min.js]
[doccure.dreamguystech.com/html/template/pharmacy/products.html]
[doccure.dreamguystech.com/html/template/pharmacy/add-product.html]
[doccure.dreamguystech.com/html/template/pharmacy/outstock.html]
[doccure.dreamguystech.com/html/template/pharmacy/expired.html]
[doccure.dreamguystech.com/html/template/pharmacy/assets/plugins/datatables/datatables.min.js]
[doccure.dreamguystech.com/html/template/pharmacy/categories.html]
[doccure.dreamguystech.com/html/template/pharmacy/assets/img/icon/sort.png]
[doccure.dreamguystech.com/html/template/pharmacy/purchase.html]
[doccure.dreamguystech.com/html/template/pharmacy/add-purchase.html]
[doccure.dreamguystech.com/html/template/pharmacy/order.html]
[doccure.dreamguystech.com/html/template/pharmacy/sales.html]
[doccure.dreamguystech.com/html/template/pharmacy/edit-purchase.html]
[doccure.dreamguystech.com/html/template/pharmacy/assets/css/font-awesome.min.css]
[doccure.dreamguystech.com/html/template/pharmacy/assets/css/feathericon.min.css]
[doccure.dreamguystech.com/html/template/pharmacy/supplier.html]
[doccure.dreamguystech.com/html/template/pharmacy/add-supplier.html]
[doccure.dreamguystech.com/html/template/pharmacy/transactions-list.html]
[doccure.dreamguystech.com/html/template/pharmacy/invoice.html]
[doccure.dreamguystech.com/html/template/pharmacy/invoice-report.html]
[doccure.dreamguystech.com/html/template/assets/css/owl.video.play.html]
[doccure.dreamguystech.com/html/template/assets/fonts/Feather144f.svg]
[doccure.dreamguystech.com/html/template/pharmacy/edit-supplier.html]
[doccure.dreamguystech.com/html/template/assets/img/products/product8.jpg]
[doccure.dreamguystech.com/html/template/assets/img/products/product9.jpg]
[doccure.dreamguystech.com/html/template/assets/img/products/product10.jpg]
[doccure.dreamguystech.com/html/template/assets/img/products/product11.jpg]
[doccure.dreamguystech.com/html/template/assets/img/products/product12.jpg]
[doccure.dreamguystech.com/html/template/assets/img/products/product13.jpg]
[doccure.dreamguystech.com/html/template/assets/img/products/product14.jpg]
[doccure.dreamguystech.com/html/template/assets/img/products/product15.jpg]
[doccure.dreamguystech.com/html/template/product-healthcare.html]
[doccure.dreamguystech.com/html/template/assets/plugins/jquery-ui/jquery-ui.min.css]
[doccure.dreamguystech.com/html/template/assets/img/icons/success-tick.svg]
[doccure.dreamguystech.com/html/template/assets/img/icons/up-img-1.svg]
[doccure.dreamguystech.com/html/template/assets/img/icons/edit.svg]
[doccure.dreamguystech.com/html/template/assets/img/icons/mic-black.svg]
[doccure.dreamguystech.com/html/template/assets/img/icons/video-icon.svg]
[doccure.dreamguystech.com/html/template/assets/img/icons/ch.svg]
[doccure.dreamguystech.com/html/template/assets/img/icons/repeat.svg]
[doccure.dreamguystech.com/html/template/assets/css/intlTelInput.css]
[doccure.dreamguystech.com/html/template/assets/css/demo.css]
[doccure.dreamguystech.com/html/template/onboarding-phone-otp.html]
[doccure.dreamguystech.com/html/template/assets/js/intlTelInput.js]
[doccure.dreamguystech.com/html/template/assets/js/intlTelInput.min.js]
[doccure.dreamguystech.com/html/template/onboarding-phone.html]
[doccure.dreamguystech.com/html/template/patient-register-step3.html]
[doccure.dreamguystech.com/html/template/admin/assets/plugins/fontawesome/webfonts/fa-brands-400.html]
[doccure.dreamguystech.com/html/template/admin/assets/plugins/fontawesome/webfonts/fa-brands-400.svg]
[doccure.dreamguystech.com/html/template/admin/assets/plugins/fontawesome/webfonts/fa-regular-400.html]
[doccure.dreamguystech.com/html/template/admin/assets/plugins/fontawesome/webfonts/fa-regular-400.svg]
[doccure.dreamguystech.com/html/template/admin/assets/plugins/fontawesome/webfonts/fa-solid-900.html]
[doccure.dreamguystech.com/html/template/admin/assets/plugins/fontawesome/webfonts/fa-solid-900.svg]
[doccure.dreamguystech.com/html/template/admin/assets/fonts/Feather144f.svg]
[doccure.dreamguystech.com/html/template/admin/assets/plugins/owl-carousel/owl.video.play.html]
[doccure.dreamguystech.com/html/template/admin/assets/fonts/MaterialIcons-Regular.html]
[doccure.dreamguystech.com/html/template/admin/change-password.html]
[doccure.dreamguystech.com/html/template/admin/assets/plugins/datatables/datatables.min.css]
[doccure.dreamguystech.com/html/template/admin/past-appointments.html]
[doccure.dreamguystech.com/html/template/admin/assets/css/bootstrap-datetimepicker.min.css]
[doccure.dreamguystech.com/html/template/admin/localization-details.html]
[doccure.dreamguystech.com/html/template/admin/payment-settings.html]
[doccure.dreamguystech.com/html/template/admin/email-settings.html]
[doccure.dreamguystech.com/html/template/admin/social-settings.html]
[doccure.dreamguystech.com/html/template/admin/social-links.html]
[doccure.dreamguystech.com/html/template/patient-register-step4.html]
[doccure.dreamguystech.com/html/template/admin/assets/plugins/bootstrap-tagsinput/css/bootstrap-tagsinput.css]
[doccure.dreamguystech.com/html/template/admin/seo-settings.html]
[doccure.dreamguystech.com/html/template/admin/assets/plugins/bootstrap-tagsinput/js/bootstrap-tagsinput.js]
[doccure.dreamguystech.com/html/template/admin/assets/css/ckeditor.css]
[doccure.dreamguystech.com/html/template/admin/others-settings.html]
[doccure.dreamguystech.com/html/template/admin/pending-blog.html]
[doccure.dreamguystech.com/html/template/admin/assets/js/ckeditor.js]
[doccure.dreamguystech.com/html/template/patient-phone.html]
[doccure.dreamguystech.com/html/template/pharmacy/assets/plugins/fontawesome/webfonts/fa-brands-400.html]
[doccure.dreamguystech.com/html/template/pharmacy/assets/plugins/fontawesome/webfonts/fa-brands-400.svg]
[doccure.dreamguystech.com/html/template/pharmacy/assets/plugins/fontawesome/webfonts/fa-regular-400.html]
[doccure.dreamguystech.com/html/template/pharmacy/assets/plugins/fontawesome/webfonts/fa-regular-400.svg]
[doccure.dreamguystech.com/html/template/pharmacy/assets/plugins/fontawesome/webfonts/fa-solid-900.html]
[doccure.dreamguystech.com/html/template/pharmacy/assets/plugins/fontawesome/webfonts/fa-solid-900.svg]
[doccure.dreamguystech.com/html/template/pharmacy/assets/fonts/Feather144f.svg]
[doccure.dreamguystech.com/html/template/pharmacy/assets/fonts/MaterialIcons-Regular.html]
[doccure.dreamguystech.com/html/template/pharmacy/assets/css/bootstrap-datetimepicker.min.css]
[doccure.dreamguystech.com/html/template/pharmacy/localization-details.html]
[doccure.dreamguystech.com/html/template/pharmacy/payment-settings.html]
[doccure.dreamguystech.com/html/template/pharmacy/email-settings.html]
[doccure.dreamguystech.com/html/template/pharmacy/social-settings.html]
[doccure.dreamguystech.com/html/template/pharmacy/social-links.html]
[doccure.dreamguystech.com/html/template/patient-phone-otp.html]
[doccure.dreamguystech.com/html/template/pharmacy/assets/plugins/bootstrap-tagsinput/css/bootstrap-tagsinput.css]
[doccure.dreamguystech.com/html/template/pharmacy/seo-settings.html]
[doccure.dreamguystech.com/html/template/pharmacy/assets/plugins/bootstrap-tagsinput/js/bootstrap-tagsinput.js]
[doccure.dreamguystech.com/html/template/pharmacy/assets/css/ckeditor.css]
[doccure.dreamguystech.com/html/template/pharmacy/others-settings.html]
[doccure.dreamguystech.com/html/template/pharmacy/assets/plugins/datatables/datatables.min.css]
[doccure.dreamguystech.com/html/template/pharmacy/edit-product.html]
[doccure.dreamguystech.com/html/template/pharmacy/product-category.html]
[doccure.dreamguystech.com/html/template/pharmacy/edit-purchase.html]
[doccure.dreamguystech.com/html/template/pharmacy/assets/css/font-awesome.min.html]
[doccure.dreamguystech.com/html/template/pharmacy/assets/css/feathericon.min.html]
[doccure.dreamguystech.com/html/template/pharmacy/edit-supplier.html]
[doccure.dreamguystech.com/html/template/pharmacy/assets/js/ckeditor.js]
[doccure.dreamguystech.com/html/template/assets/img/flags.png]
[doccure.dreamguystech.com/html/template/assets/css/intlTelInput.css]
[doccure.dreamguystech.com/html/template/assets/img/flags@2x.png]
[doccure.dreamguystech.com/html/template/assets/css/demo.css]
[doccure.dreamguystech.com/html/template/onboarding-phone-otp.html]
[doccure.dreamguystech.com/html/template/patient-register-step4.html]
[doccure.dreamguystech.com/html/template/admin/assets/plugins/bootstrap-tagsinput/css/bootstrap-tagsinput.css]
[doccure.dreamguystech.com/html/template/onboarding-password.html]
[doccure.dreamguystech.com/html/template/admin/assets/img/github.svg]
[doccure.dreamguystech.com/html/template/admin/assets/css/ckeditor.css]
[doccure.dreamguystech.com/html/template/patient-phone-otp.html]
[doccure.dreamguystech.com/html/template/pharmacy/assets/plugins/bootstrap-tagsinput/css/bootstrap-tagsinput.css]
[doccure.dreamguystech.com/html/template/patient-password.html]
[doccure.dreamguystech.com/html/template/pharmacy/assets/img/github.svg]
[doccure.dreamguystech.com/html/template/pharmacy/assets/css/ckeditor.css]
[doccure.dreamguystech.com/html/template/onboarding-password.html]
[doccure.dreamguystech.com/html/template/admin/assets/img/github.html]
[doccure.dreamguystech.com/html/template/patient-password.html]
[doccure.dreamguystech.com/html/template/pharmacy/assets/img/github.html]
