[templates.iqonic.design/posdash/html/backend/index.html]
[backblue.gif]
[fade.gif]
[index.html]
[templates.iqonic.design/posdash/html/backend/page-list-product.html]
[templates.iqonic.design/posdash/html/backend/page-add-product.html]
[templates.iqonic.design/posdash/html/backend/page-list-category.html]
[templates.iqonic.design/posdash/html/backend/page-add-category.html]
[templates.iqonic.design/posdash/html/backend/page-list-sale.html]
[templates.iqonic.design/posdash/html/backend/page-add-sale.html]
[templates.iqonic.design/posdash/html/backend/page-list-purchase.html]
[templates.iqonic.design/posdash/html/backend/page-add-purchase.html]
[templates.iqonic.design/posdash/html/backend/page-list-returns.html]
[templates.iqonic.design/posdash/html/backend/page-add-return.html]
[templates.iqonic.design/posdash/html/backend/page-list-customers.html]
[templates.iqonic.design/posdash/html/backend/page-add-customers.html]
[templates.iqonic.design/posdash/html/backend/page-list-users.html]
[templates.iqonic.design/posdash/html/backend/page-list-suppliers.html]
[templates.iqonic.design/posdash/html/backend/page-add-users.html]
[templates.iqonic.design/posdash/html/backend/page-add-supplier.html]
[templates.iqonic.design/posdash/html/backend/page-report.html]
[templates.iqonic.design/posdash/html/backend/ui-avatars.html]
[templates.iqonic.design/posdash/html/backend/ui-alerts.html]
[templates.iqonic.design/posdash/html/backend/ui-badges.html]
[templates.iqonic.design/posdash/html/backend/ui-breadcrumb.html]
[templates.iqonic.design/posdash/html/backend/ui-buttons.html]
[templates.iqonic.design/posdash/html/backend/ui-buttons-group.html]
[templates.iqonic.design/posdash/html/backend/ui-boxshadow.html]
[templates.iqonic.design/posdash/html/backend/ui-colors.html]
[templates.iqonic.design/posdash/html/backend/ui-cards.html]
[templates.iqonic.design/posdash/html/backend/ui-carousel.html]
[templates.iqonic.design/posdash/html/backend/ui-grid.html]
[templates.iqonic.design/posdash/html/backend/ui-images.html]
[templates.iqonic.design/posdash/html/backend/ui-helper-classes.html]
[templates.iqonic.design/posdash/html/backend/ui-list-group.html]
[templates.iqonic.design/posdash/html/backend/ui-media-object.html]
[templates.iqonic.design/posdash/html/backend/ui-modal.html]
[templates.iqonic.design/posdash/html/backend/ui-notifications.html]
[templates.iqonic.design/posdash/html/backend/ui-pagination.html]
[templates.iqonic.design/posdash/html/backend/ui-popovers.html]
[templates.iqonic.design/posdash/html/backend/ui-progressbars.html]
[templates.iqonic.design/posdash/html/backend/ui-typography.html]
[templates.iqonic.design/posdash/html/backend/ui-tabs.html]
[templates.iqonic.design/posdash/html/backend/ui-tooltips.html]
[templates.iqonic.design/posdash/html/backend/ui-embed-video.html]
[templates.iqonic.design/posdash/html/backend/auth-sign-in.html]
[templates.iqonic.design/posdash/html/backend/auth-sign-up.html]
[templates.iqonic.design/posdash/html/backend/auth-recoverpw.html]
[templates.iqonic.design/posdash/html/backend/auth-confirm-mail.html]
[templates.iqonic.design/posdash/html/backend/auth-lock-screen.html]
[templates.iqonic.design/posdash/html/backend/form-layout.html]
[templates.iqonic.design/posdash/html/backend/form-input-group.html]
[templates.iqonic.design/posdash/html/backend/form-validation.html]
[templates.iqonic.design/posdash/html/backend/form-switch.html]
[templates.iqonic.design/posdash/html/backend/form-chechbox.html]
[templates.iqonic.design/posdash/html/backend/form-radio.html]
[templates.iqonic.design/posdash/html/backend/form-textarea.html]
[templates.iqonic.design/posdash/html/backend/tables-basic.html]
[templates.iqonic.design/posdash/html/backend/table-data.html]
[templates.iqonic.design/posdash/html/backend/table-tree.html]
[templates.iqonic.design/posdash/html/backend/pricing.html]
[templates.iqonic.design/posdash/html/backend/pricing-2.html]
[templates.iqonic.design/posdash/html/backend/pages-invoice.html]
[templates.iqonic.design/posdash/html/backend/pages-error.html]
[templates.iqonic.design/posdash/html/backend/pages-error-500.html]
[templates.iqonic.design/posdash/html/backend/pages-blank-page.html]
[templates.iqonic.design/posdash/html/backend/pages-maintenance.html]
[templates.iqonic.design/posdash/html/backend/privacy-policy.html]
[templates.iqonic.design/posdash/html/backend/index.html]
[templates.iqonic.design/posdash/html/backend/page-list-product.html]
[templates.iqonic.design/posdash/html/backend/page-add-product.html]
[templates.iqonic.design/posdash/html/backend/page-list-category.html]
[templates.iqonic.design/posdash/html/backend/page-add-category.html]
[templates.iqonic.design/posdash/html/backend/page-list-sale.html]
[templates.iqonic.design/posdash/html/backend/page-add-sale.html]
[templates.iqonic.design/posdash/html/backend/page-list-purchase.html]
[templates.iqonic.design/posdash/html/backend/page-add-purchase.html]
[templates.iqonic.design/posdash/html/backend/page-list-returns.html]
[templates.iqonic.design/posdash/html/backend/page-add-return.html]
[templates.iqonic.design/posdash/html/backend/page-list-customers.html]
[templates.iqonic.design/posdash/html/backend/page-add-customers.html]
[templates.iqonic.design/posdash/html/backend/page-list-users.html]
[templates.iqonic.design/posdash/html/backend/page-add-users.html]
[templates.iqonic.design/posdash/html/backend/page-list-suppliers.html]
[templates.iqonic.design/posdash/html/backend/page-add-supplier.html]
[templates.iqonic.design/posdash/html/backend/page-report.html]
[templates.iqonic.design/posdash/html/backend/ui-avatars.html]
[templates.iqonic.design/posdash/html/backend/ui-alerts.html]
[templates.iqonic.design/posdash/html/backend/ui-badges.html]
[templates.iqonic.design/posdash/html/backend/ui-breadcrumb.html]
[templates.iqonic.design/posdash/html/backend/ui-buttons.html]
[templates.iqonic.design/posdash/html/backend/ui-buttons-group.html]
[templates.iqonic.design/posdash/html/backend/ui-boxshadow.html]
[templates.iqonic.design/posdash/html/backend/ui-colors.html]
[templates.iqonic.design/posdash/html/backend/ui-cards.html]
[templates.iqonic.design/posdash/html/backend/ui-carousel.html]
[templates.iqonic.design/posdash/html/backend/ui-grid.html]
[templates.iqonic.design/posdash/html/backend/ui-helper-classes.html]
[templates.iqonic.design/posdash/html/backend/ui-images.html]
[templates.iqonic.design/posdash/html/backend/ui-list-group.html]
[templates.iqonic.design/posdash/html/backend/ui-media-object.html]
[templates.iqonic.design/posdash/html/backend/ui-modal.html]
[templates.iqonic.design/posdash/html/backend/ui-notifications.html]
[templates.iqonic.design/posdash/html/backend/ui-pagination.html]
[templates.iqonic.design/posdash/html/backend/ui-popovers.html]
[templates.iqonic.design/posdash/html/backend/ui-progressbars.html]
[templates.iqonic.design/posdash/html/backend/ui-typography.html]
[templates.iqonic.design/posdash/html/backend/ui-tabs.html]
[templates.iqonic.design/posdash/html/backend/ui-tooltips.html]
[templates.iqonic.design/posdash/html/backend/ui-embed-video.html]
[templates.iqonic.design/posdash/html/backend/auth-sign-in.html]
[templates.iqonic.design/posdash/html/backend/auth-sign-up.html]
[templates.iqonic.design/posdash/html/backend/auth-recoverpw.html]
[templates.iqonic.design/posdash/html/backend/auth-confirm-mail.html]
[templates.iqonic.design/posdash/html/backend/auth-lock-screen.html]
[templates.iqonic.design/posdash/html/backend/form-layout.html]
[templates.iqonic.design/posdash/html/backend/form-input-group.html]
[templates.iqonic.design/posdash/html/backend/form-validation.html]
[templates.iqonic.design/posdash/html/backend/form-switch.html]
[templates.iqonic.design/posdash/html/backend/form-chechbox.html]
[templates.iqonic.design/posdash/html/backend/form-radio.html]
[templates.iqonic.design/posdash/html/backend/form-textarea.html]
[templates.iqonic.design/posdash/html/backend/tables-basic.html]
[templates.iqonic.design/posdash/html/backend/table-data.html]
[templates.iqonic.design/posdash/html/backend/table-tree.html]
[templates.iqonic.design/posdash/html/backend/pricing.html]
[templates.iqonic.design/posdash/html/backend/pricing-2.html]
[templates.iqonic.design/posdash/html/backend/pages-invoice.html]
[templates.iqonic.design/posdash/html/backend/pages-error.html]
[templates.iqonic.design/posdash/html/backend/pages-error-500.html]
[templates.iqonic.design/posdash/html/backend/pages-blank-page.html]
[templates.iqonic.design/posdash/html/backend/pages-maintenance.html]
[templates.iqonic.design/posdash/html/backend/privacy-policy.html]
[templates.iqonic.design/posdash/html/backend/terms-of-service.html]
[templates.iqonic.design/posdash/html/backend/terms-of-service.html]
